Component: ARM Compiler 5.06 (build 20) Tool: armlink [4d35a3]

==============================================================================

Section Cross References

    system_stm32f4xx.o(i.SystemCoreClockUpdate) refers to system_stm32f4xx.o(.data) for .data
    system_stm32f4xx.o(i.SystemCoreClockUpdate) refers to system_stm32f4xx.o(.constdata) for .constdata
    startup_stm32f429xx.o(RESET) refers to startup_stm32f429xx.o(STACK) for __initial_sp
    startup_stm32f429xx.o(RESET) refers to startup_stm32f429xx.o(.text) for Reset_Handler
    startup_stm32f429xx.o(RESET) refers to stm32f4xx_it.o(i.SysTick_Handler) for SysTick_Handler
    startup_stm32f429xx.o(.text) refers to system_stm32f4xx.o(i.SystemInit) for SystemInit
    startup_stm32f429xx.o(.text) refers to entry.o(.ARM.Collect$$$$00000000) for __main
    test_spi.o(i.Test_SPI_initialize) refers to test_spi.o(.constdata) for .constdata
    test_spi.o(i.Test_SPI_initialize) refers to test_spi.o(.data) for .data
    test_spi.o(i.Test_SPI_step) refers to stm32f4xx_hal_gpio.o(i.HAL_GPIO_WritePin) for HAL_GPIO_WritePin
    test_spi.o(i.Test_SPI_step) refers to test_spi.o(.data) for .data
    test_spi.o(i.Test_SPI_step) refers to test_spi_data.o(.data) for Test_SPI_P
    test_spi.o(.constdata) refers to test_spi.o(.data) for Test_SPI_M_
    stm32f4xx_hal_dma.o(i.DMA_CalcBaseAndBitshift) refers to stm32f4xx_hal_dma.o(.constdata) for .constdata
    stm32f4xx_hal_dma.o(i.HAL_DMA_Abort) refers to stm32f4xx_hal.o(i.HAL_GetTick) for HAL_GetTick
    stm32f4xx_hal_dma.o(i.HAL_DMA_DeInit) refers to stm32f4xx_hal_dma.o(i.DMA_CalcBaseAndBitshift) for DMA_CalcBaseAndBitshift
    stm32f4xx_hal_dma.o(i.HAL_DMA_Init) refers to stm32f4xx_hal_dma.o(i.DMA_CalcBaseAndBitshift) for DMA_CalcBaseAndBitshift
    stm32f4xx_hal_dma.o(i.HAL_DMA_PollForTransfer) refers to stm32f4xx_hal.o(i.HAL_GetTick) for HAL_GetTick
    stm32f4xx_hal_dma.o(i.HAL_DMA_Start) refers to stm32f4xx_hal_dma.o(i.DMA_SetConfig) for DMA_SetConfig
    stm32f4xx_hal_dma.o(i.HAL_DMA_Start_IT) refers to stm32f4xx_hal_dma.o(i.DMA_SetConfig) for DMA_SetConfig
    stm32f4xx_hal_dac.o(i.DAC_DMAConvCpltCh1) refers to stm32f4xx_hal_dac.o(i.HAL_DAC_ConvCpltCallbackCh1) for HAL_DAC_ConvCpltCallbackCh1
    stm32f4xx_hal_dac.o(i.DAC_DMAErrorCh1) refers to stm32f4xx_hal_dac.o(i.HAL_DAC_ErrorCallbackCh1) for HAL_DAC_ErrorCallbackCh1
    stm32f4xx_hal_dac.o(i.DAC_DMAHalfConvCpltCh1) refers to stm32f4xx_hal_dac.o(i.HAL_DAC_ConvHalfCpltCallbackCh1) for HAL_DAC_ConvHalfCpltCallbackCh1
    stm32f4xx_hal_dac.o(i.HAL_DAC_DeInit) refers to stm32f4xx_hal_msp.o(i.HAL_DAC_MspDeInit) for HAL_DAC_MspDeInit
    stm32f4xx_hal_dac.o(i.HAL_DAC_IRQHandler) refers to stm32f4xx_hal_dac.o(i.HAL_DAC_DMAUnderrunCallbackCh1) for HAL_DAC_DMAUnderrunCallbackCh1
    stm32f4xx_hal_dac.o(i.HAL_DAC_IRQHandler) refers to stm32f4xx_hal_dac_ex.o(i.HAL_DACEx_DMAUnderrunCallbackCh2) for HAL_DACEx_DMAUnderrunCallbackCh2
    stm32f4xx_hal_dac.o(i.HAL_DAC_Init) refers to stm32f4xx_hal_msp.o(i.HAL_DAC_MspInit) for HAL_DAC_MspInit
    stm32f4xx_hal_dac.o(i.HAL_DAC_Start_DMA) refers to stm32f4xx_hal_dma.o(i.HAL_DMA_Start_IT) for HAL_DMA_Start_IT
    stm32f4xx_hal_dac.o(i.HAL_DAC_Start_DMA) refers to stm32f4xx_hal_dac_ex.o(i.DAC_DMAConvCpltCh2) for DAC_DMAConvCpltCh2
    stm32f4xx_hal_dac.o(i.HAL_DAC_Start_DMA) refers to stm32f4xx_hal_dac_ex.o(i.DAC_DMAHalfConvCpltCh2) for DAC_DMAHalfConvCpltCh2
    stm32f4xx_hal_dac.o(i.HAL_DAC_Start_DMA) refers to stm32f4xx_hal_dac_ex.o(i.DAC_DMAErrorCh2) for DAC_DMAErrorCh2
    stm32f4xx_hal_dac.o(i.HAL_DAC_Start_DMA) refers to stm32f4xx_hal_dac.o(i.DAC_DMAConvCpltCh1) for DAC_DMAConvCpltCh1
    stm32f4xx_hal_dac.o(i.HAL_DAC_Start_DMA) refers to stm32f4xx_hal_dac.o(i.DAC_DMAHalfConvCpltCh1) for DAC_DMAHalfConvCpltCh1
    stm32f4xx_hal_dac.o(i.HAL_DAC_Start_DMA) refers to stm32f4xx_hal_dac.o(i.DAC_DMAErrorCh1) for DAC_DMAErrorCh1
    stm32f4xx_hal_dac.o(i.HAL_DAC_Stop_DMA) refers to stm32f4xx_hal_dma.o(i.HAL_DMA_Abort) for HAL_DMA_Abort
    stm32f4xx_hal_rcc.o(i.HAL_RCC_ClockConfig) refers to stm32f4xx_hal.o(i.HAL_GetTick) for HAL_GetTick
    stm32f4xx_hal_rcc.o(i.HAL_RCC_ClockConfig) refers to stm32f4xx_hal.o(i.HAL_InitTick) for HAL_InitTick
    stm32f4xx_hal_rcc.o(i.HAL_RCC_GetHCLKFreq) refers to stm32f4xx_hal_rcc.o(i.HAL_RCC_GetSysClockFreq) for HAL_RCC_GetSysClockFreq
    stm32f4xx_hal_rcc.o(i.HAL_RCC_GetHCLKFreq) refers to stm32f4xx_hal_rcc.o(.constdata) for .constdata
    stm32f4xx_hal_rcc.o(i.HAL_RCC_GetHCLKFreq) refers to system_stm32f4xx.o(.data) for SystemCoreClock
    stm32f4xx_hal_rcc.o(i.HAL_RCC_GetPCLK1Freq) refers to stm32f4xx_hal_rcc.o(i.HAL_RCC_GetHCLKFreq) for HAL_RCC_GetHCLKFreq
    stm32f4xx_hal_rcc.o(i.HAL_RCC_GetPCLK1Freq) refers to stm32f4xx_hal_rcc.o(.constdata) for .constdata
    stm32f4xx_hal_rcc.o(i.HAL_RCC_GetPCLK2Freq) refers to stm32f4xx_hal_rcc.o(i.HAL_RCC_GetHCLKFreq) for HAL_RCC_GetHCLKFreq
[...]
    Removing stm32f4xx_hal_spi.o(i.HAL_SPI_Receive_DMA), (220 bytes).
    Removing stm32f4xx_hal_spi.o(i.HAL_SPI_Receive_IT), (180 bytes).
    Removing stm32f4xx_hal_spi.o(i.HAL_SPI_RxCpltCallback), (2 bytes).
    Removing stm32f4xx_hal_spi.o(i.HAL_SPI_RxHalfCpltCallback), (2 bytes).
    Removing stm32f4xx_hal_spi.o(i.HAL_SPI_Transmit), (324 bytes).
    Removing stm32f4xx_hal_spi.o(i.HAL_SPI_TransmitReceive_DMA), (272 bytes).
    Removing stm32f4xx_hal_spi.o(i.HAL_SPI_TransmitReceive_IT), (168 bytes).
    Removing stm32f4xx_hal_spi.o(i.HAL_SPI_Transmit_DMA), (188 bytes).
    Removing stm32f4xx_hal_spi.o(i.HAL_SPI_Transmit_IT), (160 bytes).
    Removing stm32f4xx_hal_spi.o(i.HAL_SPI_TxCpltCallback), (2 bytes).
    Removing stm32f4xx_hal_spi.o(i.HAL_SPI_TxHalfCpltCallback), (2 bytes).
    Removing stm32f4xx_hal_spi.o(i.HAL_SPI_TxRxCpltCallback), (2 bytes).
    Removing stm32f4xx_hal_spi.o(i.HAL_SPI_TxRxHalfCpltCallback), (2 bytes).
    Removing stm32f4xx_hal_spi.o(i.SPI_2LinesRxISR), (44 bytes).
    Removing stm32f4xx_hal_spi.o(i.SPI_DMAEndTransmitReceive), (154 bytes).
    Removing stm32f4xx_hal_spi.o(i.SPI_DMAError), (30 bytes).
    Removing stm32f4xx_hal_spi.o(i.SPI_DMAHalfReceiveCplt), (10 bytes).
    Removing stm32f4xx_hal_spi.o(i.SPI_DMAHalfTransmitCplt), (10 bytes).
    Removing stm32f4xx_hal_spi.o(i.SPI_DMAHalfTransmitReceiveCplt), (10 bytes).
    Removing stm32f4xx_hal_spi.o(i.SPI_DMAReceiveCplt), (192 bytes).
    Removing stm32f4xx_hal_spi.o(i.SPI_DMATransmitCplt), (108 bytes).
    Removing stm32f4xx_hal_spi.o(i.SPI_DMATransmitReceiveCplt), (44 bytes).
    Removing stm32f4xx_hal_spi.o(i.SPI_RxCloseIRQHandler), (208 bytes).
    Removing stm32f4xx_hal_spi.o(i.SPI_RxISR), (70 bytes).
    Removing stm32f4xx_hal_spi.o(i.SPI_TxCloseIRQHandler), (130 bytes).
    Removing stm32f4xx_hal_spi.o(i.SPI_TxISR), (66 bytes).
    Removing stm32f4xx_hal_i2c.o(.rev16_text), (4 bytes).
    Removing stm32f4xx_hal_i2c.o(.revsh_text), (4 bytes).
    Removing stm32f4xx_hal_i2c.o(.rrx_text), (6 bytes).
    Removing stm32f4xx_hal_i2c.o(i.HAL_I2C_DeInit), (46 bytes).
    Removing stm32f4xx_hal_i2c.o(i.HAL_I2C_ER_IRQHandler), (216 bytes).
    Removing stm32f4xx_hal_i2c.o(i.HAL_I2C_EV_IRQHandler), (406 bytes).
    Removing stm32f4xx_hal_i2c.o(i.HAL_I2C_ErrorCallback), (2 bytes).
    Removing stm32f4xx_hal_i2c.o(i.HAL_I2C_GetError), (4 bytes).
    Removing stm32f4xx_hal_i2c.o(i.HAL_I2C_GetState), (6 bytes).
    Removing stm32f4xx_hal_i2c.o(i.HAL_I2C_IsDeviceReady), (320 bytes).
    Removing stm32f4xx_hal_i2c.o(i.HAL_I2C_MasterRxCpltCallback), (2 bytes).
    Removing stm32f4xx_hal_i2c.o(i.HAL_I2C_MasterTxCpltCallback), (2 bytes).
    Removing stm32f4xx_hal_i2c.o(i.HAL_I2C_Master_Receive), (448 bytes).
    Removing stm32f4xx_hal_i2c.o(i.HAL_I2C_Master_Receive_DMA), (208 bytes).
    Removing stm32f4xx_hal_i2c.o(i.HAL_I2C_Master_Receive_IT), (216 bytes).
    Removing stm32f4xx_hal_i2c.o(i.HAL_I2C_Master_Transmit), (232 bytes).
    Removing stm32f4xx_hal_i2c.o(i.HAL_I2C_Master_Transmit_DMA), (184 bytes).
    Removing stm32f4xx_hal_i2c.o(i.HAL_I2C_Master_Transmit_IT), (148 bytes).
    Removing stm32f4xx_hal_i2c.o(i.HAL_I2C_MemRxCpltCallback), (2 bytes).
    Removing stm32f4xx_hal_i2c.o(i.HAL_I2C_MemTxCpltCallback), (2 bytes).
    Removing stm32f4xx_hal_i2c.o(i.HAL_I2C_Mem_Read), (452 bytes).
    Removing stm32f4xx_hal_i2c.o(i.HAL_I2C_Mem_Read_DMA), (220 bytes).
    Removing stm32f4xx_hal_i2c.o(i.HAL_I2C_Mem_Read_IT), (232 bytes).
    Removing stm32f4xx_hal_i2c.o(i.HAL_I2C_Mem_Write), (236 bytes).
    Removing stm32f4xx_hal_i2c.o(i.HAL_I2C_Mem_Write_DMA), (188 bytes).
    Removing stm32f4xx_hal_i2c.o(i.HAL_I2C_Mem_Write_IT), (152 bytes).
    Removing stm32f4xx_hal_i2c.o(i.HAL_I2C_MspDeInit), (2 bytes).
    Removing stm32f4xx_hal_i2c.o(i.HAL_I2C_MspInit), (2 bytes).
    Removing stm32f4xx_hal_i2c.o(i.HAL_I2C_SlaveRxCpltCallback), (2 bytes).
    Removing stm32f4xx_hal_i2c.o(i.HAL_I2C_SlaveTxCpltCallback), (2 bytes).
    Removing stm32f4xx_hal_i2c.o(i.HAL_I2C_Slave_Receive), (248 bytes).
    Removing stm32f4xx_hal_i2c.o(i.HAL_I2C_Slave_Receive_DMA), (192 bytes).
    Removing stm32f4xx_hal_i2c.o(i.HAL_I2C_Slave_Receive_IT), (120 bytes).
    Removing stm32f4xx_hal_i2c.o(i.HAL_I2C_Slave_Transmit), (280 bytes).
    Removing stm32f4xx_hal_i2c.o(i.HAL_I2C_Slave_Transmit_DMA), (224 bytes).
    Removing stm32f4xx_hal_i2c.o(i.HAL_I2C_Slave_Transmit_IT), (120 bytes).
    Removing stm32f4xx_hal_i2c.o(i.I2C_DMAError), (38 bytes).
    Removing stm32f4xx_hal_i2c.o(i.I2C_DMAMasterReceiveCplt), (70 bytes).
    Removing stm32f4xx_hal_i2c.o(i.I2C_DMAMasterTransmitCplt), (80 bytes).
    Removing stm32f4xx_hal_i2c.o(i.I2C_DMAMemReceiveCplt), (70 bytes).
    Removing stm32f4xx_hal_i2c.o(i.I2C_DMAMemTransmitCplt), (80 bytes).
    Removing stm32f4xx_hal_i2c.o(i.I2C_DMASlaveReceiveCplt), (96 bytes).
    Removing stm32f4xx_hal_i2c.o(i.I2C_DMASlaveTransmitCplt), (86 bytes).
    Removing stm32f4xx_hal_i2c.o(i.I2C_MasterReceive_BTF), (128 bytes).
    Removing stm32f4xx_hal_i2c.o(i.I2C_MasterReceive_RXNE), (100 bytes).
    Removing stm32f4xx_hal_i2c.o(i.I2C_MasterRequestRead), (186 bytes).
    Removing stm32f4xx_hal_i2c.o(i.I2C_MasterRequestWrite), (116 bytes).
    Removing stm32f4xx_hal_i2c.o(i.I2C_RequestMemoryRead), (224 bytes).
    Removing stm32f4xx_hal_i2c.o(i.I2C_RequestMemoryWrite), (144 bytes).
    Removing stm32f4xx_hal_i2c.o(i.I2C_WaitOnFlagUntilTimeout), (138 bytes).
    Removing stm32f4xx_hal_i2c.o(i.I2C_WaitOnMasterAddressFlagUntilTimeout), (136 bytes).
    Removing stm32f4xx_hal.o(.rev16_text), (4 bytes).
    Removing stm32f4xx_hal.o(.revsh_text), (4 bytes).
    Removing stm32f4xx_hal.o(.rrx_text), (6 bytes).
    Removing stm32f4xx_hal.o(i.HAL_DBGMCU_DisableDBGSleepMode), (16 bytes).
    Removing stm32f4xx_hal.o(i.HAL_DBGMCU_DisableDBGStandbyMode), (16 bytes).
    Removing stm32f4xx_hal.o(i.HAL_DBGMCU_DisableDBGStopMode), (16 bytes).
    Removing stm32f4xx_hal.o(i.HAL_DBGMCU_EnableDBGSleepMode), (16 bytes).
    Removing stm32f4xx_hal.o(i.HAL_DBGMCU_EnableDBGStandbyMode), (16 bytes).
    Removing stm32f4xx_hal.o(i.HAL_DBGMCU_EnableDBGStopMode), (16 bytes).
    Removing stm32f4xx_hal.o(i.HAL_DeInit), (52 bytes).
    Removing stm32f4xx_hal.o(i.HAL_Delay), (22 bytes).
    Removing stm32f4xx_hal.o(i.HAL_DisableCompensationCell), (28 bytes).
    Removing stm32f4xx_hal.o(i.HAL_DisableMemorySwappingBank), (28 bytes).
    Removing stm32f4xx_hal.o(i.HAL_EnableCompensationCell), (28 bytes).
    Removing stm32f4xx_hal.o(i.HAL_EnableMemorySwappingBank), (24 bytes).
    Removing stm32f4xx_hal.o(i.HAL_GetDEVID), (16 bytes).
    Removing stm32f4xx_hal.o(i.HAL_GetHalVersion), (6 bytes).
    Removing stm32f4xx_hal.o(i.HAL_GetREVID), (12 bytes).
    Removing stm32f4xx_hal.o(i.HAL_MspDeInit), (2 bytes).
    Removing stm32f4xx_hal.o(i.HAL_MspInit), (2 bytes).
    Removing stm32f4xx_hal.o(i.HAL_ResumeTick), (14 bytes).
    Removing stm32f4xx_hal.o(i.HAL_SuspendTick), (14 bytes).
    Removing stm32f4xx_hal_tim.o(.rev16_text), (4 bytes).
    Removing stm32f4xx_hal_tim.o(.revsh_text), (4 bytes).
    Removing stm32f4xx_hal_tim.o(.rrx_text), (6 bytes).
    Removing stm32f4xx_hal_tim.o(i.HAL_TIM_Base_DeInit), (56 bytes).
    Removing stm32f4xx_hal_tim.o(i.HAL_TIM_Base_GetState), (6 bytes).
    Removing stm32f4xx_hal_tim.o(i.HAL_TIM_Base_MspDeInit), (2 bytes).
    Removing stm32f4xx_hal_tim.o(i.HAL_TIM_Base_MspInit), (2 bytes).
    Removing stm32f4xx_hal_tim.o(i.HAL_TIM_Base_Start), (26 bytes).
    Removing stm32f4xx_hal_tim.o(i.HAL_TIM_Base_Start_DMA), (92 bytes).
    Removing stm32f4xx_hal_tim.o(i.HAL_TIM_Base_Start_IT), (24 bytes).
    Removing stm32f4xx_hal_tim.o(i.HAL_TIM_Base_Stop), (44 bytes).
    Removing stm32f4xx_hal_tim.o(i.HAL_TIM_Base_Stop_DMA), (48 bytes).
    Removing stm32f4xx_hal_tim.o(i.HAL_TIM_Base_Stop_IT), (42 bytes).
    Removing stm32f4xx_hal_tim.o(i.HAL_TIM_ConfigOCrefClear), (174 bytes).
    Removing stm32f4xx_hal_tim.o(i.HAL_TIM_ConfigTI1Input), (16 bytes).
    Removing stm32f4xx_hal_tim.o(i.HAL_TIM_DMABurst_ReadStart), (260 bytes).
    Removing stm32f4xx_hal_tim.o(i.HAL_TIM_DMABurst_ReadStop), (96 bytes).
    Removing stm32f4xx_hal_tim.o(i.HAL_TIM_DMABurst_WriteStart), (260 bytes).
    Removing stm32f4xx_hal_tim.o(i.HAL_TIM_DMABurst_WriteStop), (96 bytes).
    Removing stm32f4xx_hal_tim.o(i.HAL_TIM_Encoder_DeInit), (56 bytes).
    Removing stm32f4xx_hal_tim.o(i.HAL_TIM_Encoder_GetState), (6 bytes).
    Removing stm32f4xx_hal_tim.o(i.HAL_TIM_Encoder_Init), (150 bytes).
    Removing stm32f4xx_hal_tim.o(i.HAL_TIM_Encoder_MspDeInit), (2 bytes).
    Removing stm32f4xx_hal_tim.o(i.HAL_TIM_Encoder_MspInit), (2 bytes).
    Removing stm32f4xx_hal_tim.o(i.HAL_TIM_Encoder_Start), (52 bytes).
    Removing stm32f4xx_hal_tim.o(i.HAL_TIM_Encoder_Start_DMA), (272 bytes).
    Removing stm32f4xx_hal_tim.o(i.HAL_TIM_Encoder_Start_IT), (92 bytes).
    Removing stm32f4xx_hal_tim.o(i.HAL_TIM_Encoder_Stop), (70 bytes).
    Removing stm32f4xx_hal_tim.o(i.HAL_TIM_Encoder_Stop_DMA), (116 bytes).
    Removing stm32f4xx_hal_tim.o(i.HAL_TIM_Encoder_Stop_IT), (116 bytes).
    Removing stm32f4xx_hal_tim.o(i.HAL_TIM_ErrorCallback), (2 bytes).
    Removing stm32f4xx_hal_tim.o(i.HAL_TIM_GenerateEvent), (38 bytes).
    Removing stm32f4xx_hal_tim.o(i.HAL_TIM_IC_CaptureCallback), (2 bytes).
    Removing stm32f4xx_hal_tim.o(i.HAL_TIM_IC_ConfigChannel), (286 bytes).
    Removing stm32f4xx_hal_tim.o(i.HAL_TIM_IC_DeInit), (56 bytes).
    Removing stm32f4xx_hal_tim.o(i.HAL_TIM_IC_GetState), (6 bytes).
    Removing stm32f4xx_hal_tim.o(i.HAL_TIM_IC_Init), (54 bytes).
    Removing stm32f4xx_hal_tim.o(i.HAL_TIM_IC_MspDeInit), (2 bytes).
    Removing stm32f4xx_hal_tim.o(i.HAL_TIM_IC_MspInit), (2 bytes).
    Removing stm32f4xx_hal_tim.o(i.HAL_TIM_IC_Start), (26 bytes).
    Removing stm32f4xx_hal_tim.o(i.HAL_TIM_IC_Start_DMA), (200 bytes).
    Removing stm32f4xx_hal_tim.o(i.HAL_TIM_IC_Start_IT), (76 bytes).
    Removing stm32f4xx_hal_tim.o(i.HAL_TIM_IC_Stop), (44 bytes).
    Removing stm32f4xx_hal_tim.o(i.HAL_TIM_IC_Stop_DMA), (100 bytes).
    Removing stm32f4xx_hal_tim.o(i.HAL_TIM_IC_Stop_IT), (94 bytes).
    Removing stm32f4xx_hal_tim.o(i.HAL_TIM_IRQHandler), (358 bytes).
    Removing stm32f4xx_hal_tim.o(i.HAL_TIM_OC_ConfigChannel), (86 bytes).
    Removing stm32f4xx_hal_tim.o(i.HAL_TIM_OC_DeInit), (56 bytes).
    Removing stm32f4xx_hal_tim.o(i.HAL_TIM_OC_DelayElapsedCallback), (2 bytes).
    Removing stm32f4xx_hal_tim.o(i.HAL_TIM_OC_GetState), (6 bytes).
    Removing stm32f4xx_hal_tim.o(i.HAL_TIM_OC_Init), (54 bytes).
    Removing stm32f4xx_hal_tim.o(i.HAL_TIM_OC_MspDeInit), (2 bytes).
    Removing stm32f4xx_hal_tim.o(i.HAL_TIM_OC_MspInit), (2 bytes).
    Removing stm32f4xx_hal_tim.o(i.HAL_TIM_OC_Start), (56 bytes).
    Removing stm32f4xx_hal_tim.o(i.HAL_TIM_OC_Start_DMA), (240 bytes).
    Removing stm32f4xx_hal_tim.o(i.HAL_TIM_OC_Start_IT), (108 bytes).
    Removing stm32f4xx_hal_tim.o(i.HAL_TIM_OC_Stop), (88 bytes).
    Removing stm32f4xx_hal_tim.o(i.HAL_TIM_OC_Stop_DMA), (144 bytes).
    Removing stm32f4xx_hal_tim.o(i.HAL_TIM_OC_Stop_IT), (136 bytes).
    Removing stm32f4xx_hal_tim.o(i.HAL_TIM_OnePulse_ConfigChannel), (218 bytes).
    Removing stm32f4xx_hal_tim.o(i.HAL_TIM_OnePulse_DeInit), (56 bytes).
    Removing stm32f4xx_hal_tim.o(i.HAL_TIM_OnePulse_GetState), (6 bytes).
    Removing stm32f4xx_hal_tim.o(i.HAL_TIM_OnePulse_Init), (74 bytes).
    Removing stm32f4xx_hal_tim.o(i.HAL_TIM_OnePulse_MspDeInit), (2 bytes).
    Removing stm32f4xx_hal_tim.o(i.HAL_TIM_OnePulse_MspInit), (2 bytes).
    Removing stm32f4xx_hal_tim.o(i.HAL_TIM_OnePulse_Start), (60 bytes).
    Removing stm32f4xx_hal_tim.o(i.HAL_TIM_OnePulse_Start_IT), (80 bytes).
    Removing stm32f4xx_hal_tim.o(i.HAL_TIM_OnePulse_Stop), (100 bytes).
    Removing stm32f4xx_hal_tim.o(i.HAL_TIM_OnePulse_Stop_IT), (120 bytes).
    Removing stm32f4xx_hal_tim.o(i.HAL_TIM_PWM_DeInit), (56 bytes).
    Removing stm32f4xx_hal_tim.o(i.HAL_TIM_PWM_GetState), (6 bytes).
    Removing stm32f4xx_hal_tim.o(i.HAL_TIM_PWM_MspDeInit), (2 bytes).
    Removing stm32f4xx_hal_tim.o(i.HAL_TIM_PWM_MspInit), (2 bytes).
    Removing stm32f4xx_hal_tim.o(i.HAL_TIM_PWM_PulseFinishedCallback), (2 bytes).
    Removing stm32f4xx_hal_tim.o(i.HAL_TIM_PWM_Start), (56 bytes).
    Removing stm32f4xx_hal_tim.o(i.HAL_TIM_PWM_Start_DMA), (240 bytes).
    Removing stm32f4xx_hal_tim.o(i.HAL_TIM_PWM_Start_IT), (108 bytes).
    Removing stm32f4xx_hal_tim.o(i.HAL_TIM_PWM_Stop), (92 bytes).
    Removing stm32f4xx_hal_tim.o(i.HAL_TIM_PWM_Stop_DMA), (144 bytes).
    Removing stm32f4xx_hal_tim.o(i.HAL_TIM_PWM_Stop_IT), (136 bytes).
    Removing stm32f4xx_hal_tim.o(i.HAL_TIM_PeriodElapsedCallback), (2 bytes).
    Removing stm32f4xx_hal_tim.o(i.HAL_TIM_ReadCapturedValue), (68 bytes).
    Removing stm32f4xx_hal_tim.o(i.HAL_TIM_SlaveConfigSynchronization), (66 bytes).
    Removing stm32f4xx_hal_tim.o(i.HAL_TIM_SlaveConfigSynchronization_IT), (66 bytes).
    Removing stm32f4xx_hal_tim.o(i.HAL_TIM_TriggerCallback), (2 bytes).
    Removing stm32f4xx_hal_tim.o(i.TIM_CCxChannelCmd), (22 bytes).
    Removing stm32f4xx_hal_tim.o(i.TIM_DMACaptureCplt), (62 bytes).
    Removing stm32f4xx_hal_tim.o(i.TIM_DMADelayPulseCplt), (62 bytes).
    Removing stm32f4xx_hal_tim.o(i.TIM_DMAError), (16 bytes).
    Removing stm32f4xx_hal_tim.o(i.TIM_DMAPeriodElapsedCplt), (16 bytes).
    Removing stm32f4xx_hal_tim.o(i.TIM_DMATriggerCplt), (16 bytes).
    Removing stm32f4xx_hal_tim.o(i.TIM_SlaveTimer_SetConfig), (124 bytes).
    Removing stm32f4xx_hal_tim.o(i.TIM_TI1_SetConfig), (132 bytes).
    Removing stm32f4xx_hal_tim.o(i.TIM_TI2_SetConfig), (54 bytes).
    Removing stm32f4xx_hal_gpio.o(.rev16_text), (4 bytes).
    Removing stm32f4xx_hal_gpio.o(.revsh_text), (4 bytes).
    Removing stm32f4xx_hal_gpio.o(.rrx_text), (6 bytes).
    Removing stm32f4xx_hal_gpio.o(i.HAL_GPIO_DeInit), (368 bytes).
    Removing stm32f4xx_hal_gpio.o(i.HAL_GPIO_EXTI_Callback), (2 bytes).
    Removing stm32f4xx_hal_gpio.o(i.HAL_GPIO_EXTI_IRQHandler), (24 bytes).
    Removing stm32f4xx_hal_gpio.o(i.HAL_GPIO_LockPin), (34 bytes).
    Removing stm32f4xx_hal_gpio.o(i.HAL_GPIO_ReadPin), (10 bytes).
    Removing stm32f4xx_hal_gpio.o(i.HAL_GPIO_TogglePin), (8 bytes).
    Removing stm32f4xx_hal_tim_ex.o(.rev16_text), (4 bytes).
    Removing stm32f4xx_hal_tim_ex.o(.revsh_text), (4 bytes).
    Removing stm32f4xx_hal_tim_ex.o(.rrx_text), (6 bytes).
    Removing stm32f4xx_hal_tim_ex.o(i.HAL_TIMEx_BreakCallback), (2 bytes).
    Removing stm32f4xx_hal_tim_ex.o(i.HAL_TIMEx_CommutationCallback), (2 bytes).
    Removing stm32f4xx_hal_tim_ex.o(i.HAL_TIMEx_ConfigCommutationEvent), (92 bytes).
    Removing stm32f4xx_hal_tim_ex.o(i.HAL_TIMEx_ConfigCommutationEvent_DMA), (124 bytes).
    Removing stm32f4xx_hal_tim_ex.o(i.HAL_TIMEx_ConfigCommutationEvent_IT), (102 bytes).
    Removing stm32f4xx_hal_tim_ex.o(i.HAL_TIMEx_HallSensor_DeInit), (56 bytes).
    Removing stm32f4xx_hal_tim_ex.o(i.HAL_TIMEx_HallSensor_GetState), (6 bytes).
    Removing stm32f4xx_hal_tim_ex.o(i.HAL_TIMEx_HallSensor_Init), (176 bytes).
    Removing stm32f4xx_hal_tim_ex.o(i.HAL_TIMEx_HallSensor_MspDeInit), (2 bytes).
    Removing stm32f4xx_hal_tim_ex.o(i.HAL_TIMEx_HallSensor_MspInit), (2 bytes).
    Removing stm32f4xx_hal_tim_ex.o(i.HAL_TIMEx_HallSensor_Start), (28 bytes).
    Removing stm32f4xx_hal_tim_ex.o(i.HAL_TIMEx_HallSensor_Start_DMA), (104 bytes).
    Removing stm32f4xx_hal_tim_ex.o(i.HAL_TIMEx_HallSensor_Start_IT), (38 bytes).
    Removing stm32f4xx_hal_tim_ex.o(i.HAL_TIMEx_HallSensor_Stop), (46 bytes).
    Removing stm32f4xx_hal_tim_ex.o(i.HAL_TIMEx_HallSensor_Stop_DMA), (56 bytes).
    Removing stm32f4xx_hal_tim_ex.o(i.HAL_TIMEx_HallSensor_Stop_IT), (56 bytes).
    Removing stm32f4xx_hal_tim_ex.o(i.HAL_TIMEx_OCN_Start), (36 bytes).
    Removing stm32f4xx_hal_tim_ex.o(i.HAL_TIMEx_OCN_Start_DMA), (220 bytes).
    Removing stm32f4xx_hal_tim_ex.o(i.HAL_TIMEx_OCN_Start_IT), (96 bytes).
    Removing stm32f4xx_hal_tim_ex.o(i.HAL_TIMEx_OCN_Stop), (68 bytes).
    Removing stm32f4xx_hal_tim_ex.o(i.HAL_TIMEx_OCN_Stop_DMA), (124 bytes).
    Removing stm32f4xx_hal_tim_ex.o(i.HAL_TIMEx_OCN_Stop_IT), (134 bytes).
    Removing stm32f4xx_hal_tim_ex.o(i.HAL_TIMEx_OnePulseN_Start), (26 bytes).
    Removing stm32f4xx_hal_tim_ex.o(i.HAL_TIMEx_OnePulseN_Start_IT), (46 bytes).
    Removing stm32f4xx_hal_tim_ex.o(i.HAL_TIMEx_OnePulseN_Stop), (68 bytes).
    Removing stm32f4xx_hal_tim_ex.o(i.HAL_TIMEx_OnePulseN_Stop_IT), (88 bytes).
    Removing stm32f4xx_hal_tim_ex.o(i.HAL_TIMEx_PWMN_Start), (36 bytes).
    Removing stm32f4xx_hal_tim_ex.o(i.HAL_TIMEx_PWMN_Start_DMA), (220 bytes).
    Removing stm32f4xx_hal_tim_ex.o(i.HAL_TIMEx_PWMN_Start_IT), (96 bytes).
    Removing stm32f4xx_hal_tim_ex.o(i.HAL_TIMEx_PWMN_Stop), (68 bytes).
    Removing stm32f4xx_hal_tim_ex.o(i.HAL_TIMEx_PWMN_Stop_DMA), (124 bytes).
    Removing stm32f4xx_hal_tim_ex.o(i.HAL_TIMEx_PWMN_Stop_IT), (134 bytes).
    Removing stm32f4xx_hal_tim_ex.o(i.HAL_TIMEx_RemapConfig), (34 bytes).
    Removing stm32f4xx_hal_tim_ex.o(i.TIMEx_DMACommutationCplt), (16 bytes).
    Removing stm32f4xx_hal_tim_ex.o(i.TIM_CCxNChannelCmd), (22 bytes).
    Removing stm32f4xx_hal_adc_ex.o(.rev16_text), (4 bytes).
    Removing stm32f4xx_hal_adc_ex.o(.revsh_text), (4 bytes).
    Removing stm32f4xx_hal_adc_ex.o(.rrx_text), (6 bytes).
    Removing stm32f4xx_hal_adc_ex.o(i.ADC_MultiModeDMAConvCplt), (24 bytes).
    Removing stm32f4xx_hal_adc_ex.o(i.ADC_MultiModeDMAError), (20 bytes).
    Removing stm32f4xx_hal_adc_ex.o(i.ADC_MultiModeDMAHalfConvCplt), (6 bytes).
    Removing stm32f4xx_hal_adc_ex.o(i.HAL_ADCEx_InjectedConfigChannel), (452 bytes).
    Removing stm32f4xx_hal_adc_ex.o(i.HAL_ADCEx_InjectedConvCpltCallback), (2 bytes).
    Removing stm32f4xx_hal_adc_ex.o(i.HAL_ADCEx_InjectedGetValue), (58 bytes).
    Removing stm32f4xx_hal_adc_ex.o(i.HAL_ADCEx_InjectedPollForConversion), (76 bytes).
    Removing stm32f4xx_hal_adc_ex.o(i.HAL_ADCEx_InjectedStart), (176 bytes).
    Removing stm32f4xx_hal_adc_ex.o(i.HAL_ADCEx_InjectedStart_IT), (212 bytes).
    Removing stm32f4xx_hal_adc_ex.o(i.HAL_ADCEx_InjectedStop), (20 bytes).
    Removing stm32f4xx_hal_adc_ex.o(i.HAL_ADCEx_InjectedStop_IT), (40 bytes).
    Removing stm32f4xx_hal_adc_ex.o(i.HAL_ADCEx_MultiModeConfigChannel), (108 bytes).
    Removing stm32f4xx_hal_adc_ex.o(i.HAL_ADCEx_MultiModeGetValue), (12 bytes).
    Removing stm32f4xx_hal_adc_ex.o(i.HAL_ADCEx_MultiModeStart_DMA), (192 bytes).
    Removing stm32f4xx_hal_adc_ex.o(i.HAL_ADCEx_MultiModeStop_DMA), (76 bytes).
    Removing stm32f4xx_hal_flash.o(.rev16_text), (4 bytes).
    Removing stm32f4xx_hal_flash.o(.revsh_text), (4 bytes).
    Removing stm32f4xx_hal_flash.o(.rrx_text), (6 bytes).
    Removing stm32f4xx_hal_flash.o(i.FLASH_Program_Byte), (32 bytes).
    Removing stm32f4xx_hal_flash.o(i.FLASH_Program_DoubleWord), (40 bytes).
    Removing stm32f4xx_hal_flash.o(i.FLASH_Program_HalfWord), (36 bytes).
    Removing stm32f4xx_hal_flash.o(i.FLASH_Program_Word), (36 bytes).
    Removing stm32f4xx_hal_flash.o(i.FLASH_SetErrorCode), (124 bytes).
    Removing stm32f4xx_hal_flash.o(i.FLASH_WaitForLastOperation), (80 bytes).
    Removing stm32f4xx_hal_flash.o(i.HAL_FLASH_EndOfOperationCallback), (2 bytes).
    Removing stm32f4xx_hal_flash.o(i.HAL_FLASH_GetError), (12 bytes).
    Removing stm32f4xx_hal_flash.o(i.HAL_FLASH_IRQHandler), (204 bytes).
    Removing stm32f4xx_hal_flash.o(i.HAL_FLASH_Lock), (20 bytes).
    Removing stm32f4xx_hal_flash.o(i.HAL_FLASH_OB_Launch), (24 bytes).
    Removing stm32f4xx_hal_flash.o(i.HAL_FLASH_OB_Lock), (20 bytes).
    Removing stm32f4xx_hal_flash.o(i.HAL_FLASH_OB_Unlock), (40 bytes).
    Removing stm32f4xx_hal_flash.o(i.HAL_FLASH_OperationErrorCallback), (2 bytes).
    Removing stm32f4xx_hal_flash.o(i.HAL_FLASH_Program), (124 bytes).
    Removing stm32f4xx_hal_flash.o(i.HAL_FLASH_Program_IT), (108 bytes).
    Removing stm32f4xx_hal_flash.o(i.HAL_FLASH_Unlock), (40 bytes).
    Removing stm32f4xx_hal_flash.o(.bss), (32 bytes).
    Removing stm32f4xx_hal_adc.o(.rev16_text), (4 bytes).
    Removing stm32f4xx_hal_adc.o(.revsh_text), (4 bytes).
    Removing stm32f4xx_hal_adc.o(.rrx_text), (6 bytes).
    Removing stm32f4xx_hal_adc.o(i.ADC_DMAConvCplt), (30 bytes).
    Removing stm32f4xx_hal_adc.o(i.ADC_DMAError), (24 bytes).
    Removing stm32f4xx_hal_adc.o(i.ADC_DMAHalfConvCplt), (10 bytes).
    Removing stm32f4xx_hal_adc.o(i.HAL_ADC_AnalogWDGConfig), (112 bytes).
    Removing stm32f4xx_hal_adc.o(i.HAL_ADC_ConvCpltCallback), (2 bytes).
    Removing stm32f4xx_hal_adc.o(i.HAL_ADC_ConvHalfCpltCallback), (2 bytes).
    Removing stm32f4xx_hal_adc.o(i.HAL_ADC_DeInit), (32 bytes).
    Removing stm32f4xx_hal_adc.o(i.HAL_ADC_ErrorCallback), (2 bytes).
    Removing stm32f4xx_hal_adc.o(i.HAL_ADC_GetError), (4 bytes).
    Removing stm32f4xx_hal_adc.o(i.HAL_ADC_GetState), (6 bytes).
    Removing stm32f4xx_hal_adc.o(i.HAL_ADC_GetValue), (6 bytes).
    Removing stm32f4xx_hal_adc.o(i.HAL_ADC_IRQHandler), (288 bytes).
    Removing stm32f4xx_hal_adc.o(i.HAL_ADC_LevelOutOfWindowCallback), (2 bytes).
    Removing stm32f4xx_hal_adc.o(i.HAL_ADC_MspDeInit), (2 bytes).
    Removing stm32f4xx_hal_adc.o(i.HAL_ADC_MspInit), (2 bytes).
    Removing stm32f4xx_hal_adc.o(i.HAL_ADC_PollForConversion), (108 bytes).
    Removing stm32f4xx_hal_adc.o(i.HAL_ADC_PollForEvent), (96 bytes).
    Removing stm32f4xx_hal_adc.o(i.HAL_ADC_Start), (140 bytes).
    Removing stm32f4xx_hal_adc.o(i.HAL_ADC_Start_DMA), (176 bytes).
    Removing stm32f4xx_hal_adc.o(i.HAL_ADC_Start_IT), (160 bytes).
    Removing stm32f4xx_hal_adc.o(i.HAL_ADC_Stop), (20 bytes).
    Removing stm32f4xx_hal_adc.o(i.HAL_ADC_Stop_DMA), (50 bytes).
    Removing stm32f4xx_hal_adc.o(i.HAL_ADC_Stop_IT), (40 bytes).
    Removing stm32f4xx_hal_dac_ex.o(.rev16_text), (4 bytes).
    Removing stm32f4xx_hal_dac_ex.o(.revsh_text), (4 bytes).
    Removing stm32f4xx_hal_dac_ex.o(.rrx_text), (6 bytes).
    Removing stm32f4xx_hal_dac_ex.o(i.DAC_DMAConvCpltCh2), (16 bytes).
    Removing stm32f4xx_hal_dac_ex.o(i.DAC_DMAErrorCh2), (24 bytes).
    Removing stm32f4xx_hal_dac_ex.o(i.DAC_DMAHalfConvCpltCh2), (10 bytes).
    Removing stm32f4xx_hal_dac_ex.o(i.HAL_DACEx_ConvCpltCallbackCh2), (2 bytes).
    Removing stm32f4xx_hal_dac_ex.o(i.HAL_DACEx_ConvHalfCpltCallbackCh2), (2 bytes).
    Removing stm32f4xx_hal_dac_ex.o(i.HAL_DACEx_DMAUnderrunCallbackCh2), (2 bytes).
    Removing stm32f4xx_hal_dac_ex.o(i.HAL_DACEx_DualGetValue), (12 bytes).
    Removing stm32f4xx_hal_dac_ex.o(i.HAL_DACEx_DualSetValue), (24 bytes).
    Removing stm32f4xx_hal_dac_ex.o(i.HAL_DACEx_ErrorCallbackCh2), (2 bytes).
    Removing stm32f4xx_hal_dac_ex.o(i.HAL_DACEx_NoiseWaveGenerate), (52 bytes).
    Removing stm32f4xx_hal_dac_ex.o(i.HAL_DACEx_TriangleWaveGenerate), (52 bytes).
    Removing stm32f4xx_hal_cortex.o(.rev16_text), (4 bytes).
    Removing stm32f4xx_hal_cortex.o(.revsh_text), (4 bytes).
    Removing stm32f4xx_hal_cortex.o(.rrx_text), (6 bytes).
    Removing stm32f4xx_hal_cortex.o(i.HAL_MPU_ConfigRegion), (84 bytes).
    Removing stm32f4xx_hal_cortex.o(i.HAL_NVIC_ClearPendingIRQ), (22 bytes).
    Removing stm32f4xx_hal_cortex.o(i.HAL_NVIC_DisableIRQ), (22 bytes).
    Removing stm32f4xx_hal_cortex.o(i.HAL_NVIC_EnableIRQ), (22 bytes).
    Removing stm32f4xx_hal_cortex.o(i.HAL_NVIC_GetActive), (32 bytes).
    Removing stm32f4xx_hal_cortex.o(i.HAL_NVIC_GetPendingIRQ), (32 bytes).
    Removing stm32f4xx_hal_cortex.o(i.HAL_NVIC_GetPriority), (82 bytes).
    Removing stm32f4xx_hal_cortex.o(i.HAL_NVIC_GetPriorityGrouping), (16 bytes).
    Removing stm32f4xx_hal_cortex.o(i.HAL_NVIC_SetPendingIRQ), (22 bytes).
    Removing stm32f4xx_hal_cortex.o(i.HAL_NVIC_SystemReset), (36 bytes).
    Removing stm32f4xx_hal_cortex.o(i.HAL_SYSTICK_Callback), (2 bytes).
    Removing stm32f4xx_hal_pwr_ex.o(.rev16_text), (4 bytes).
    Removing stm32f4xx_hal_pwr_ex.o(.revsh_text), (4 bytes).
    Removing stm32f4xx_hal_pwr_ex.o(.rrx_text), (6 bytes).
    Removing stm32f4xx_hal_pwr_ex.o(i.HAL_PWREx_ControlVoltageScaling), (176 bytes).
    Removing stm32f4xx_hal_pwr_ex.o(i.HAL_PWREx_DisableBkUpReg), (76 bytes).
    Removing stm32f4xx_hal_pwr_ex.o(i.HAL_PWREx_DisableFlashPowerDown), (28 bytes).
    Removing stm32f4xx_hal_pwr_ex.o(i.HAL_PWREx_DisableOverDrive), (140 bytes).
    Removing stm32f4xx_hal_pwr_ex.o(i.HAL_PWREx_EnableBkUpReg), (76 bytes).
    Removing stm32f4xx_hal_pwr_ex.o(i.HAL_PWREx_EnableFlashPowerDown), (24 bytes).
    Removing stm32f4xx_hal_pwr_ex.o(i.HAL_PWREx_EnableOverDrive), (140 bytes).
    Removing stm32f4xx_hal_pwr_ex.o(i.HAL_PWREx_EnterUnderDriveSTOPMode), (140 bytes).
    Removing stm32f4xx_hal_pwr_ex.o(i.HAL_PWREx_GetVoltageRange), (16 bytes).
    Removing stm32f4xx_hal_uart.o(.rev16_text), (4 bytes).
    Removing stm32f4xx_hal_uart.o(.revsh_text), (4 bytes).
    Removing stm32f4xx_hal_uart.o(.rrx_text), (6 bytes).
    Removing stm32f4xx_hal_uart.o(i.HAL_HalfDuplex_EnableReceiver), (48 bytes).
    Removing stm32f4xx_hal_uart.o(i.HAL_HalfDuplex_EnableTransmitter), (48 bytes).
    Removing stm32f4xx_hal_uart.o(i.HAL_HalfDuplex_Init), (104 bytes).
    Removing stm32f4xx_hal_uart.o(i.HAL_LIN_Init), (124 bytes).
    Removing stm32f4xx_hal_uart.o(i.HAL_LIN_SendBreak), (44 bytes).
    Removing stm32f4xx_hal_uart.o(i.HAL_MultiProcessor_EnterMuteMode), (44 bytes).
    Removing stm32f4xx_hal_uart.o(i.HAL_MultiProcessor_ExitMuteMode), (44 bytes).
    Removing stm32f4xx_hal_uart.o(i.HAL_MultiProcessor_Init), (138 bytes).
    Removing stm32f4xx_hal_uart.o(i.HAL_UART_DMAPause), (86 bytes).
    Removing stm32f4xx_hal_uart.o(i.HAL_UART_DMAResume), (102 bytes).
    Removing stm32f4xx_hal_uart.o(i.HAL_UART_DMAStop), (50 bytes).
    Removing stm32f4xx_hal_uart.o(i.HAL_UART_DeInit), (36 bytes).
    Removing stm32f4xx_hal_uart.o(i.HAL_UART_ErrorCallback), (2 bytes).
    Removing stm32f4xx_hal_uart.o(i.HAL_UART_GetError), (4 bytes).
    Removing stm32f4xx_hal_uart.o(i.HAL_UART_GetState), (6 bytes).
    Removing stm32f4xx_hal_uart.o(i.HAL_UART_IRQHandler), (266 bytes).
    Removing stm32f4xx_hal_uart.o(i.HAL_UART_MspDeInit), (2 bytes).
    Removing stm32f4xx_hal_uart.o(i.HAL_UART_MspInit), (2 bytes).
    Removing stm32f4xx_hal_uart.o(i.HAL_UART_Receive), (204 bytes).
    Removing stm32f4xx_hal_uart.o(i.HAL_UART_Receive_DMA), (136 bytes).
    Removing stm32f4xx_hal_uart.o(i.HAL_UART_Receive_IT), (106 bytes).
    Removing stm32f4xx_hal_uart.o(i.HAL_UART_RxCpltCallback), (2 bytes).
    Removing stm32f4xx_hal_uart.o(i.HAL_UART_RxHalfCpltCallback), (2 bytes).
    Removing stm32f4xx_hal_uart.o(i.HAL_UART_Transmit_DMA), (144 bytes).
    Removing stm32f4xx_hal_uart.o(i.HAL_UART_Transmit_IT), (106 bytes).
    Removing stm32f4xx_hal_uart.o(i.HAL_UART_TxCpltCallback), (2 bytes).
    Removing stm32f4xx_hal_uart.o(i.HAL_UART_TxHalfCpltCallback), (2 bytes).
    Removing stm32f4xx_hal_uart.o(i.UART_DMAError), (30 bytes).
    Removing stm32f4xx_hal_uart.o(i.UART_DMAReceiveCplt), (54 bytes).
    Removing stm32f4xx_hal_uart.o(i.UART_DMARxHalfCplt), (10 bytes).
    Removing stm32f4xx_hal_uart.o(i.UART_DMATransmitCplt), (46 bytes).
    Removing stm32f4xx_hal_uart.o(i.UART_DMATxHalfCplt), (10 bytes).
    Removing stm32f4xx_hal_uart.o(i.UART_Receive_IT), (168 bytes).
    Removing stm32f4xx_hal_uart.o(i.UART_Transmit_IT), (102 bytes).
    Removing main.o(.rev16_text), (4 bytes).
    Removing main.o(.revsh_text), (4 bytes).
    Removing main.o(.rrx_text), (6 bytes).
    Removing stm32f4xx_it.o(.rev16_text), (4 bytes).
    Removing stm32f4xx_it.o(.revsh_text), (4 bytes).
    Removing stm32f4xx_it.o(.rrx_text), (6 bytes).
    Removing stm32f4xx_hal_msp.o(.rev16_text), (4 bytes).
    Removing stm32f4xx_hal_msp.o(.revsh_text), (4 bytes).
    Removing stm32f4xx_hal_msp.o(.rrx_text), (6 bytes).
    Removing stm32f4xx_hal_msp.o(i.HAL_ADC_MspDeInit), (64 bytes).
    Removing stm32f4xx_hal_msp.o(i.HAL_CAN_MspDeInit), (100 bytes).
    Removing stm32f4xx_hal_msp.o(i.HAL_DAC_MspDeInit), (40 bytes).
    Removing stm32f4xx_hal_msp.o(i.HAL_I2C_MspDeInit), (40 bytes).
    Removing stm32f4xx_hal_msp.o(i.HAL_SPI_MspDeInit), (116 bytes).
    Removing stm32f4xx_hal_msp.o(i.HAL_TIM_Base_MspDeInit), (112 bytes).
    Removing stm32f4xx_hal_msp.o(i.HAL_TIM_PWM_MspDeInit), (68 bytes).
    Removing stm32f4xx_hal_msp.o(i.HAL_UART_MspDeInit), (104 bytes).
    Removing simulink_helper.o(.rev16_text), (4 bytes).
    Removing simulink_helper.o(.revsh_text), (4 bytes).
    Removing simulink_helper.o(.rrx_text), (6 bytes).

554 unused section(s) (total 37136 bytes) removed from the image.

==============================================================================

Image Symbol Table

    Local Symbols

    Symbol Name                              Value     Ov Type        Size  Object(Section)

    ../clib/microlib/init/entry.s            0x00000000   Number         0  entry9b.o ABSOLUTE
    ../clib/microlib/init/entry.s            0x00000000   Number         0  entry8a.o ABSOLUTE
    ../clib/microlib/init/entry.s            0x00000000   Number         0  entry10a.o ABSOLUTE
    ../clib/microlib/init/entry.s            0x00000000   Number         0  entry9a.o ABSOLUTE
    ../clib/microlib/init/entry.s            0x00000000   Number         0  entry8b.o ABSOLUTE
    ../clib/microlib/init/entry.s            0x00000000   Number         0  entry7b.o ABSOLUTE
    ../clib/microlib/init/entry.s            0x00000000   Number         0  entry5.o ABSOLUTE
    ../clib/microlib/init/entry.s            0x00000000   Number         0  entry2.o ABSOLUTE
    ../clib/microlib/init/entry.s            0x00000000   Number         0  entry7a.o ABSOLUTE
    ../clib/microlib/init/entry.s            0x00000000   Number         0  entry.o ABSOLUTE
    ../clib/microlib/init/entry.s            0x00000000   Number         0  entry10b.o ABSOLUTE
    ../clib/microlib/init/entry.s            0x00000000   Number         0  entry11a.o ABSOLUTE
    ../clib/microlib/init/entry.s            0x00000000   Number         0  entry11b.o ABSOLUTE
    ../clib/microlib/longlong.c              0x00000000   Number         0  llshl.o ABSOLUTE
    ../clib/microlib/longlong.c              0x00000000   Number         0  llushr.o ABSOLUTE
    ../clib/microlib/stubs.s                 0x00000000   Number         0  iusefp.o ABSOLUTE
    ../fplib/microlib/fpepilogue.c           0x00000000   Number         0  depilogue.o ABSOLUTE
    ../fplib/microlib/fpfix.c                0x00000000   Number         0  dfixui.o ABSOLUTE
    ../fplib/microlib/fpflt.c                0x00000000   Number         0  dfltui.o ABSOLUTE
    ../fplib/microlib/fpmul.c                0x00000000   Number         0  dmul.o ABSOLUTE
    ..\Drivers\CMSIS\Device\ST\STM32F4xx\Source\Templates\arm\startup_stm32f429xx.s 0x00000000   Number         0  startup_stm32f429xx.o ABSOLUTE
    ..\Drivers\CMSIS\Device\ST\STM32F4xx\Source\Templates\system_stm32f4xx.c 0x00000000   Number         0  system_stm32f4xx.o ABSOLUTE
    ..\Drivers\STM32F4xx_HAL_Driver\Src\stm32f4xx_hal.c 0x00000000   Number         0  stm32f4xx_hal.o ABSOLUTE
    ..\Drivers\STM32F4xx_HAL_Driver\Src\stm32f4xx_hal_adc.c 0x00000000   Number         0  stm32f4xx_hal_adc.o ABSOLUTE
    ..\Drivers\STM32F4xx_HAL_Driver\Src\stm32f4xx_hal_adc_ex.c 0x00000000   Number         0  stm32f4xx_hal_adc_ex.o ABSOLUTE
    ..\Drivers\STM32F4xx_HAL_Driver\Src\stm32f4xx_hal_can.c 0x00000000   Number         0  stm32f4xx_hal_can.o ABSOLUTE
    ..\Drivers\STM32F4xx_HAL_Driver\Src\stm32f4xx_hal_cortex.c 0x00000000   Number         0  stm32f4xx_hal_cortex.o ABSOLUTE
    ..\Drivers\STM32F4xx_HAL_Driver\Src\stm32f4xx_hal_dac.c 0x00000000   Number         0  stm32f4xx_hal_dac.o ABSOLUTE
    ..\Drivers\STM32F4xx_HAL_Driver\Src\stm32f4xx_hal_dac_ex.c 0x00000000   Number         0  stm32f4xx_hal_dac_ex.o ABSOLUTE
    ..\Drivers\STM32F4xx_HAL_Driver\Src\stm32f4xx_hal_dma.c 0x00000000   Number         0  stm32f4xx_hal_dma.o ABSOLUTE
    ..\Drivers\STM32F4xx_HAL_Driver\Src\stm32f4xx_hal_dma_ex.c 0x00000000   Number         0  stm32f4xx_hal_dma_ex.o ABSOLUTE
    ..\Drivers\STM32F4xx_HAL_Driver\Src\stm32f4xx_hal_flash.c 0x00000000   Number         0  stm32f4xx_hal_flash.o ABSOLUTE
    ..\Drivers\STM32F4xx_HAL_Driver\Src\stm32f4xx_hal_flash_ex.c 0x00000000   Number         0  stm32f4xx_hal_flash_ex.o ABSOLUTE
    ..\Drivers\STM32F4xx_HAL_Driver\Src\stm32f4xx_hal_flash_ramfunc.c 0x00000000   Number         0  stm32f4xx_hal_flash_ramfunc.o ABSOLUTE
    ..\Drivers\STM32F4xx_HAL_Driver\Src\stm32f4xx_hal_gpio.c 0x00000000   Number         0  stm32f4xx_hal_gpio.o ABSOLUTE
    ..\Drivers\STM32F4xx_HAL_Driver\Src\stm32f4xx_hal_i2c.c 0x00000000   Number         0  stm32f4xx_hal_i2c.o ABSOLUTE
    ..\Drivers\STM32F4xx_HAL_Driver\Src\stm32f4xx_hal_i2c_ex.c 0x00000000   Number         0  stm32f4xx_hal_i2c_ex.o ABSOLUTE
    ..\Drivers\STM32F4xx_HAL_Driver\Src\stm32f4xx_hal_pwr.c 0x00000000   Number         0  stm32f4xx_hal_pwr.o ABSOLUTE
    ..\Drivers\STM32F4xx_HAL_Driver\Src\stm32f4xx_hal_pwr_ex.c 0x00000000   Number         0  stm32f4xx_hal_pwr_ex.o ABSOLUTE
    ..\Drivers\STM32F4xx_HAL_Driver\Src\stm32f4xx_hal_rcc.c 0x00000000   Number         0  stm32f4xx_hal_rcc.o ABSOLUTE
    ..\Drivers\STM32F4xx_HAL_Driver\Src\stm32f4xx_hal_rcc_ex.c 0x00000000   Number         0  stm32f4xx_hal_rcc_ex.o ABSOLUTE
    ..\Drivers\STM32F4xx_HAL_Driver\Src\stm32f4xx_hal_spi.c 0x00000000   Number         0  stm32f4xx_hal_spi.o ABSOLUTE
    ..\Drivers\STM32F4xx_HAL_Driver\Src\stm32f4xx_hal_tim.c 0x00000000   Number         0  stm32f4xx_hal_tim.o ABSOLUTE
    ..\Drivers\STM32F4xx_HAL_Driver\Src\stm32f4xx_hal_tim_ex.c 0x00000000   Number         0  stm32f4xx_hal_tim_ex.o ABSOLUTE
    ..\Drivers\STM32F4xx_HAL_Driver\Src\stm32f4xx_hal_uart.c 0x00000000   Number         0  stm32f4xx_hal_uart.o ABSOLUTE
    ..\Src\main.c                            0x00000000   Number         0  main.o ABSOLUTE
    ..\Src\simulink_helper.c                 0x00000000   Number         0  simulink_helper.o ABSOLUTE
    ..\Src\stm32f4xx_hal_msp.c               0x00000000   Number         0  stm32f4xx_hal_msp.o ABSOLUTE
    ..\Src\stm32f4xx_it.c                    0x00000000   Number         0  stm32f4xx_it.o ABSOLUTE
    ..\Test_SPI\Src\Test_SPI.c               0x00000000   Number         0  test_spi.o ABSOLUTE
    ..\Test_SPI\Src\Test_SPI_data.c          0x00000000   Number         0  test_spi_data.o ABSOLUTE
    ..\\Drivers\\CMSIS\\Device\\ST\\STM32F4xx\\Source\\Templates\\system_stm32f4xx.c 0x00000000   Number         0  system_stm32f4xx.o ABSOLUTE
    ..\\Drivers\\STM32F4xx_HAL_Driver\\Src\\stm32f4xx_hal.c 0x00000000   Number         0  stm32f4xx_hal.o ABSOLUTE
    ..\\Drivers\\STM32F4xx_HAL_Driver\\Src\\stm32f4xx_hal_adc.c 0x00000000   Number         0  stm32f4xx_hal_adc.o ABSOLUTE
    ..\\Drivers\\STM32F4xx_HAL_Driver\\Src\\stm32f4xx_hal_adc_ex.c 0x00000000   Number         0  stm32f4xx_hal_adc_ex.o ABSOLUTE
    ..\\Drivers\\STM32F4xx_HAL_Driver\\Src\\stm32f4xx_hal_can.c 0x00000000   Number         0  stm32f4xx_hal_can.o ABSOLUTE
    ..\\Drivers\\STM32F4xx_HAL_Driver\\Src\\stm32f4xx_hal_cortex.c 0x00000000   Number         0  stm32f4xx_hal_cortex.o ABSOLUTE
    ..\\Drivers\\STM32F4xx_HAL_Driver\\Src\\stm32f4xx_hal_dac.c 0x00000000   Number         0  stm32f4xx_hal_dac.o ABSOLUTE
    ..\\Drivers\\STM32F4xx_HAL_Driver\\Src\\stm32f4xx_hal_dac_ex.c 0x00000000   Number         0  stm32f4xx_hal_dac_ex.o ABSOLUTE
    ..\\Drivers\\STM32F4xx_HAL_Driver\\Src\\stm32f4xx_hal_dma.c 0x00000000   Number         0  stm32f4xx_hal_dma.o ABSOLUTE
    ..\\Drivers\\STM32F4xx_HAL_Driver\\Src\\stm32f4xx_hal_dma_ex.c 0x00000000   Number         0  stm32f4xx_hal_dma_ex.o ABSOLUTE
    ..\\Drivers\\STM32F4xx_HAL_Driver\\Src\\stm32f4xx_hal_flash.c 0x00000000   Number         0  stm32f4xx_hal_flash.o ABSOLUTE
    ..\\Drivers\\STM32F4xx_HAL_Driver\\Src\\stm32f4xx_hal_flash_ex.c 0x00000000   Number         0  stm32f4xx_hal_flash_ex.o ABSOLUTE
    ..\\Drivers\\STM32F4xx_HAL_Driver\\Src\\stm32f4xx_hal_flash_ramfunc.c 0x00000000   Number         0  stm32f4xx_hal_flash_ramfunc.o ABSOLUTE
    ..\\Drivers\\STM32F4xx_HAL_Driver\\Src\\stm32f4xx_hal_gpio.c 0x00000000   Number         0  stm32f4xx_hal_gpio.o ABSOLUTE
    ..\\Drivers\\STM32F4xx_HAL_Driver\\Src\\stm32f4xx_hal_i2c.c 0x00000000   Number         0  stm32f4xx_hal_i2c.o ABSOLUTE
    ..\\Drivers\\STM32F4xx_HAL_Driver\\Src\\stm32f4xx_hal_i2c_ex.c 0x00000000   Number         0  stm32f4xx_hal_i2c_ex.o ABSOLUTE
    ..\\Drivers\\STM32F4xx_HAL_Driver\\Src\\stm32f4xx_hal_pwr.c 0x00000000   Number         0  stm32f4xx_hal_pwr.o ABSOLUTE
    ..\\Drivers\\STM32F4xx_HAL_Driver\\Src\\stm32f4xx_hal_pwr_ex.c 0x00000000   Number         0  stm32f4xx_hal_pwr_ex.o ABSOLUTE
    ..\\Drivers\\STM32F4xx_HAL_Driver\\Src\\stm32f4xx_hal_rcc.c 0x00000000   Number         0  stm32f4xx_hal_rcc.o ABSOLUTE
    ..\\Drivers\\STM32F4xx_HAL_Driver\\Src\\stm32f4xx_hal_rcc_ex.c 0x00000000   Number         0  stm32f4xx_hal_rcc_ex.o ABSOLUTE
    ..\\Drivers\\STM32F4xx_HAL_Driver\\Src\\stm32f4xx_hal_spi.c 0x00000000   Number         0  stm32f4xx_hal_spi.o ABSOLUTE
    ..\\Drivers\\STM32F4xx_HAL_Driver\\Src\\stm32f4xx_hal_tim.c 0x00000000   Number         0  stm32f4xx_hal_tim.o ABSOLUTE
    ..\\Drivers\\STM32F4xx_HAL_Driver\\Src\\stm32f4xx_hal_tim_ex.c 0x00000000   Number         0  stm32f4xx_hal_tim_ex.o ABSOLUTE
    ..\\Drivers\\STM32F4xx_HAL_Driver\\Src\\stm32f4xx_hal_uart.c 0x00000000   Number         0  stm32f4xx_hal_uart.o ABSOLUTE
    ..\\Src\\main.c                          0x00000000   Number         0  main.o ABSOLUTE
    ..\\Src\\simulink_helper.c               0x00000000   Number         0  simulink_helper.o ABSOLUTE
    ..\\Src\\stm32f4xx_hal_msp.c             0x00000000   Number         0  stm32f4xx_hal_msp.o ABSOLUTE
    ..\\Src\\stm32f4xx_it.c                  0x00000000   Number         0  stm32f4xx_it.o ABSOLUTE
    ..\\Test_SPI\\Src\\Test_SPI.c            0x00000000   Number         0  test_spi.o ABSOLUTE
    ..\\Test_SPI\\Src\\Test_SPI_data.c       0x00000000   Number         0  test_spi_data.o ABSOLUTE
    dc.s                                     0x00000000   Number         0  dc.o ABSOLUTE
    handlers.s                               0x00000000   Number         0  handlers.o ABSOLUTE
    init.s                                   0x00000000   Number         0  init.o ABSOLUTE
    RESET                                    0x08000000   Section      428  startup_stm32f429xx.o(RESET)
    .ARM.Collect$$$$00000000                 0x080001ac   Section        0  entry.o(.ARM.Collect$$$$00000000)
    .ARM.Collect$$$$00000001                 0x080001ac   Section        4  entry2.o(.ARM.Collect$$$$00000001)
    .ARM.Collect$$$$00000004                 0x080001b0   Section        4  entry5.o(.ARM.Collect$$$$00000004)
    .ARM.Collect$$$$00000008                 0x080001b4   Section        0  entry7b.o(.ARM.Collect$$$$00000008)
    .ARM.Collect$$$$0000000A                 0x080001b4   Section        0  entry8b.o(.ARM.Collect$$$$0000000A)
    .ARM.Collect$$$$0000000B                 0x080001b4   Section        8  entry9a.o(.ARM.Collect$$$$0000000B)
    .ARM.Collect$$$$0000000D                 0x080001bc   Section        0  entry10a.o(.ARM.Collect$$$$0000000D)
    .ARM.Collect$$$$0000000F                 0x080001bc   Section        0  entry11a.o(.ARM.Collect$$$$0000000F)
    .ARM.Collect$$$$00002712                 0x080001bc   Section        4  entry2.o(.ARM.Collect$$$$00002712)
    __lit__00000000                          0x080001bc   Data           4  entry2.o(.ARM.Collect$$$$00002712)
    .text                                    0x080001c0   Section       36  startup_stm32f429xx.o(.text)
    $v0                                      0x080001c0   Number         0  startup_stm32f429xx.o(.text)
    .text                                    0x080001e4   Section        0  dmul.o(.text)
    .text                                    0x080002c8   Section        0  dfltui.o(.text)
    .text                                    0x080002e2   Section        0  dfixui.o(.text)
    .text                                    0x08000314   Section        0  llushr.o(.text)
    .text                                    0x08000334   Section        0  iusefp.o(.text)
    .text                                    0x08000334   Section        0  depilogue.o(.text)
    .text                                    0x080003f0   Section       36  init.o(.text)
    .text                                    0x08000414   Section        0  llshl.o(.text)
    i.ADC_Init                               0x08000434   Section        0  stm32f4xx_hal_adc.o(i.ADC_Init)
    ADC_Init                                 0x08000435   Thumb Code   300  stm32f4xx_hal_adc.o(i.ADC_Init)
    i.HAL_ADC_ConfigChannel                  0x08000568   Section        0  stm32f4xx_hal_adc.o(i.HAL_ADC_ConfigChannel)
    i.HAL_ADC_Init                           0x080006bc   Section        0  stm32f4xx_hal_adc.o(i.HAL_ADC_Init)
    i.HAL_ADC_MspInit                        0x080006f8   Section        0  stm32f4xx_hal_msp.o(i.HAL_ADC_MspInit)
    i.HAL_CAN_Init                           0x08000758   Section        0  stm32f4xx_hal_can.o(i.HAL_CAN_Init)
    i.HAL_CAN_MspInit                        0x080008a0   Section        0  stm32f4xx_hal_msp.o(i.HAL_CAN_MspInit)
    i.HAL_DAC_ConfigChannel                  0x08000940   Section        0  stm32f4xx_hal_dac.o(i.HAL_DAC_ConfigChannel)
    i.HAL_DAC_Init                           0x08000982   Section        0  stm32f4xx_hal_dac.o(i.HAL_DAC_Init)
    i.HAL_DAC_MspInit                        0x080009ac   Section        0  stm32f4xx_hal_msp.o(i.HAL_DAC_MspInit)
    i.HAL_GPIO_Init                          0x080009f0   Section        0  stm32f4xx_hal_gpio.o(i.HAL_GPIO_Init)
    i.HAL_GPIO_WritePin                      0x08000bbc   Section        0  stm32f4xx_hal_gpio.o(i.HAL_GPIO_WritePin)
    i.HAL_GetTick                            0x08000bc8   Section        0  stm32f4xx_hal.o(i.HAL_GetTick)
    i.HAL_I2C_Init                           0x08000bd4   Section        0  stm32f4xx_hal_i2c.o(i.HAL_I2C_Init)
    i.HAL_I2C_MspInit                        0x08000cd4   Section        0  stm32f4xx_hal_msp.o(i.HAL_I2C_MspInit)
    i.HAL_IncTick                            0x08000d20   Section        0  stm32f4xx_hal.o(i.HAL_IncTick)
    i.HAL_Init                               0x08000d30   Section        0  stm32f4xx_hal.o(i.HAL_Init)
    i.HAL_InitTick                           0x08000d64   Section        0  stm32f4xx_hal.o(i.HAL_InitTick)
    i.HAL_MspInit                            0x08000d86   Section        0  stm32f4xx_hal_msp.o(i.HAL_MspInit)
    i.HAL_NVIC_SetPriority                   0x08000d9c   Section        0  stm32f4xx_hal_cortex.o(i.HAL_NVIC_SetPriority)
    i.HAL_NVIC_SetPriorityGrouping           0x08000ddc   Section        0  stm32f4xx_hal_cortex.o(i.HAL_NVIC_SetPriorityGrouping)
    i.HAL_RCC_ClockConfig                    0x08000e00   Section        0  stm32f4xx_hal_rcc.o(i.HAL_RCC_ClockConfig)
    i.HAL_RCC_GetHCLKFreq                    0x0800100c   Section        0  stm32f4xx_hal_rcc.o(i.HAL_RCC_GetHCLKFreq)
    i.HAL_RCC_GetPCLK1Freq                   0x08001040   Section        0  stm32f4xx_hal_rcc.o(i.HAL_RCC_GetPCLK1Freq)
    i.HAL_RCC_GetPCLK2Freq                   0x0800106c   Section        0  stm32f4xx_hal_rcc.o(i.HAL_RCC_GetPCLK2Freq)
    i.HAL_RCC_GetSysClockFreq                0x08001098   Section        0  stm32f4xx_hal_rcc.o(i.HAL_RCC_GetSysClockFreq)
    i.HAL_RCC_OscConfig                      0x08001108   Section        0  stm32f4xx_hal_rcc.o(i.HAL_RCC_OscConfig)
    i.HAL_SPI_Init                           0x08001444   Section        0  stm32f4xx_hal_spi.o(i.HAL_SPI_Init)
    i.HAL_SPI_MspInit                        0x080014c8   Section        0  stm32f4xx_hal_msp.o(i.HAL_SPI_MspInit)
    i.HAL_SPI_Receive                        0x08001578   Section        0  stm32f4xx_hal_spi.o(i.HAL_SPI_Receive)
    i.HAL_SPI_TransmitReceive                0x08001748   Section        0  stm32f4xx_hal_spi.o(i.HAL_SPI_TransmitReceive)
    i.HAL_SYSTICK_CLKSourceConfig            0x080019f2   Section        0  stm32f4xx_hal_cortex.o(i.HAL_SYSTICK_CLKSourceConfig)
    i.HAL_SYSTICK_Callback                   0x08001a0c   Section        0  main.o(i.HAL_SYSTICK_Callback)
    i.HAL_SYSTICK_Config                     0x08001a24   Section        0  stm32f4xx_hal_cortex.o(i.HAL_SYSTICK_Config)
    i.HAL_SYSTICK_IRQHandler                 0x08001a4c   Section        0  stm32f4xx_hal_cortex.o(i.HAL_SYSTICK_IRQHandler)
    i.HAL_TIMEx_ConfigBreakDeadTime          0x08001a54   Section        0  stm32f4xx_hal_tim_ex.o(i.HAL_TIMEx_ConfigBreakDeadTime)
    i.HAL_TIMEx_MasterConfigSynchronization  0x08001a96   Section        0  stm32f4xx_hal_tim_ex.o(i.HAL_TIMEx_MasterConfigSynchronization)
    i.HAL_TIM_Base_Init                      0x08001ae6   Section        0  stm32f4xx_hal_tim.o(i.HAL_TIM_Base_Init)
    i.HAL_TIM_Base_MspInit                   0x08001b1c   Section        0  stm32f4xx_hal_msp.o(i.HAL_TIM_Base_MspInit)
    i.HAL_TIM_ConfigClockSource              0x08001be0   Section        0  stm32f4xx_hal_tim.o(i.HAL_TIM_ConfigClockSource)
    i.HAL_TIM_PWM_ConfigChannel              0x08001cd2   Section        0  stm32f4xx_hal_tim.o(i.HAL_TIM_PWM_ConfigChannel)
    i.HAL_TIM_PWM_Init                       0x08001da2   Section        0  stm32f4xx_hal_tim.o(i.HAL_TIM_PWM_Init)
    i.HAL_TIM_PWM_MspInit                    0x08001dd8   Section        0  stm32f4xx_hal_msp.o(i.HAL_TIM_PWM_MspInit)
    i.HAL_UART_Init                          0x08001e4c   Section        0  stm32f4xx_hal_uart.o(i.HAL_UART_Init)
    i.HAL_UART_MspInit                       0x08001eac   Section        0  stm32f4xx_hal_msp.o(i.HAL_UART_MspInit)
    i.HAL_UART_Transmit                      0x08001f74   Section        0  stm32f4xx_hal_uart.o(i.HAL_UART_Transmit)
    i.MX_ADC1_Init                           0x08002040   Section        0  main.o(i.MX_ADC1_Init)
    MX_ADC1_Init                             0x08002041   Thumb Code    58  main.o(i.MX_ADC1_Init)
    i.MX_ADC2_Init                           0x08002084   Section        0  main.o(i.MX_ADC2_Init)
    MX_ADC2_Init                             0x08002085   Thumb Code    58  main.o(i.MX_ADC2_Init)
    i.MX_CAN1_Init                           0x080020c8   Section        0  main.o(i.MX_CAN1_Init)
    MX_CAN1_Init                             0x080020c9   Thumb Code    36  main.o(i.MX_CAN1_Init)
    i.MX_CAN2_Init                           0x080020f4   Section        0  main.o(i.MX_CAN2_Init)
    MX_CAN2_Init                             0x080020f5   Thumb Code    36  main.o(i.MX_CAN2_Init)
    i.MX_GPIO_Init                           0x08002120   Section        0  main.o(i.MX_GPIO_Init)
    MX_GPIO_Init                             0x08002121   Thumb Code   320  main.o(i.MX_GPIO_Init)
    i.MX_SPI2_Init                           0x08002278   Section        0  main.o(i.MX_SPI2_Init)
    MX_SPI2_Init                             0x08002279   Thumb Code    44  main.o(i.MX_SPI2_Init)
    i.MX_SPI3_Init                           0x080022ac   Section        0  main.o(i.MX_SPI3_Init)
    MX_SPI3_Init                             0x080022ad   Thumb Code    44  main.o(i.MX_SPI3_Init)
    i.MX_SPI4_Init                           0x080022e0   Section        0  main.o(i.MX_SPI4_Init)
    MX_SPI4_Init                             0x080022e1   Thumb Code    42  main.o(i.MX_SPI4_Init)
    i.MX_TIM2_Init                           0x08002314   Section        0  main.o(i.MX_TIM2_Init)
    MX_TIM2_Init                             0x08002315   Thumb Code    82  main.o(i.MX_TIM2_Init)
    i.MX_TIM3_Init                           0x0800236c   Section        0  main.o(i.MX_TIM3_Init)
    MX_TIM3_Init                             0x0800236d   Thumb Code    80  main.o(i.MX_TIM3_Init)
    i.MX_TIM5_Init                           0x080023c4   Section        0  main.o(i.MX_TIM5_Init)
    MX_TIM5_Init                             0x080023c5   Thumb Code    60  main.o(i.MX_TIM5_Init)
    i.MX_TIM8_Init                           0x08002408   Section        0  main.o(i.MX_TIM8_Init)
    MX_TIM8_Init                             0x08002409   Thumb Code   110  main.o(i.MX_TIM8_Init)
    i.NVIC_SetPriority                       0x08002480   Section        0  stm32f4xx_hal_cortex.o(i.NVIC_SetPriority)
    NVIC_SetPriority                         0x08002481   Thumb Code    32  stm32f4xx_hal_cortex.o(i.NVIC_SetPriority)
    i.SPI_WaitOnFlagUntilTimeout             0x080024a0   Section        0  stm32f4xx_hal_spi.o(i.SPI_WaitOnFlagUntilTimeout)
    SPI_WaitOnFlagUntilTimeout               0x080024a1   Thumb Code   158  stm32f4xx_hal_spi.o(i.SPI_WaitOnFlagUntilTimeout)
    i.SysTick_Config                         0x08002540   Section        0  main.o(i.SysTick_Config)
    SysTick_Config                           0x08002541   Thumb Code    38  main.o(i.SysTick_Config)
    i.SysTick_Handler                        0x0800256c   Section        0  stm32f4xx_it.o(i.SysTick_Handler)
    i.SystemClock_Config                     0x0800257c   Section        0  main.o(i.SystemClock_Config)
    i.SystemInit                             0x08002608   Section        0  system_stm32f4xx.o(i.SystemInit)
    i.TIM_Base_SetConfig                     0x0800265c   Section        0  stm32f4xx_hal_tim.o(i.TIM_Base_SetConfig)
    i.TIM_ETR_SetConfig                      0x0800271c   Section        0  stm32f4xx_hal_tim.o(i.TIM_ETR_SetConfig)
    TIM_ETR_SetConfig                        0x0800271d   Thumb Code    20  stm32f4xx_hal_tim.o(i.TIM_ETR_SetConfig)
    i.TIM_ITRx_SetConfig                     0x08002730   Section        0  stm32f4xx_hal_tim.o(i.TIM_ITRx_SetConfig)
    TIM_ITRx_SetConfig                       0x08002731   Thumb Code    16  stm32f4xx_hal_tim.o(i.TIM_ITRx_SetConfig)
    i.TIM_OC1_SetConfig                      0x08002740   Section        0  stm32f4xx_hal_tim.o(i.TIM_OC1_SetConfig)
    TIM_OC1_SetConfig                        0x08002741   Thumb Code    80  stm32f4xx_hal_tim.o(i.TIM_OC1_SetConfig)
    i.TIM_OC2_SetConfig                      0x08002798   Section        0  stm32f4xx_hal_tim.o(i.TIM_OC2_SetConfig)
    i.TIM_OC3_SetConfig                      0x080027fc   Section        0  stm32f4xx_hal_tim.o(i.TIM_OC3_SetConfig)
    TIM_OC3_SetConfig                        0x080027fd   Thumb Code    88  stm32f4xx_hal_tim.o(i.TIM_OC3_SetConfig)
    i.TIM_OC4_SetConfig                      0x0800285c   Section        0  stm32f4xx_hal_tim.o(i.TIM_OC4_SetConfig)
    TIM_OC4_SetConfig                        0x0800285d   Thumb Code    70  stm32f4xx_hal_tim.o(i.TIM_OC4_SetConfig)
    i.TIM_TI1_ConfigInputStage               0x080028ac   Section        0  stm32f4xx_hal_tim.o(i.TIM_TI1_ConfigInputStage)
    TIM_TI1_ConfigInputStage                 0x080028ad   Thumb Code    34  stm32f4xx_hal_tim.o(i.TIM_TI1_ConfigInputStage)
    i.TIM_TI2_ConfigInputStage               0x080028ce   Section        0  stm32f4xx_hal_tim.o(i.TIM_TI2_ConfigInputStage)
    TIM_TI2_ConfigInputStage                 0x080028cf   Thumb Code    36  stm32f4xx_hal_tim.o(i.TIM_TI2_ConfigInputStage)
    i.Test_SPI_initialize                    0x080028f4   Section        0  test_spi.o(i.Test_SPI_initialize)
    i.Test_SPI_step                          0x08002910   Section        0  test_spi.o(i.Test_SPI_step)
    i.UART_SetConfig                         0x08002988   Section        0  stm32f4xx_hal_uart.o(i.UART_SetConfig)
    UART_SetConfig                           0x08002989   Thumb Code   366  stm32f4xx_hal_uart.o(i.UART_SetConfig)
    i.UART_WaitOnFlagUntilTimeout            0x08002b00   Section        0  stm32f4xx_hal_uart.o(i.UART_WaitOnFlagUntilTimeout)
    UART_WaitOnFlagUntilTimeout              0x08002b01   Thumb Code   146  stm32f4xx_hal_uart.o(i.UART_WaitOnFlagUntilTimeout)
    i.__scatterload_copy                     0x08002b92   Section       14  handlers.o(i.__scatterload_copy)
    i.__scatterload_null                     0x08002ba0   Section        2  handlers.o(i.__scatterload_null)
    i.__scatterload_zeroinit                 0x08002ba2   Section       14  handlers.o(i.__scatterload_zeroinit)
    i.afterStep                              0x08002bb0   Section        0  simulink_helper.o(i.afterStep)
    i.beforeStep                             0x08002bd8   Section        0  simulink_helper.o(i.beforeStep)
    i.main                                   0x08002c00   Section        0  main.o(i.main)
    .constdata                               0x08002e0c   Section        4  test_spi.o(.constdata)
    .constdata                               0x08002e10   Section       16  stm32f4xx_hal_rcc.o(.constdata)
    .data                                    0x20000000   Section        4  system_stm32f4xx.o(.data)
    .data                                    0x20000004   Section        3  test_spi.o(.data)
    .data                                    0x20000008   Section        4  test_spi.o(.data)
    .data                                    0x2000000c   Section        4  test_spi_data.o(.data)
    .data                                    0x20000010   Section        4  stm32f4xx_hal.o(.data)
    uwTick                                   0x20000010   Data           4  stm32f4xx_hal.o(.data)
    .data                                    0x20000014   Section       12  main.o(.data)
    OverrunFlags                             0x20000014   Data           1  main.o(.data)
    autoReloadTimerLoopVal_S                 0x20000018   Data           4  main.o(.data)
    remainAutoReloadTimerLoopVal_S           0x2000001c   Data           4  main.o(.data)
    .data                                    0x20000020   Section        4  stm32f4xx_hal_msp.o(.data)
    CAN1_CLK_ENABLED                         0x20000020   Data           4  stm32f4xx_hal_msp.o(.data)
    .bss                                     0x20000024   Section     1160  main.o(.bss)
    STACK                                    0x200004b0   Section     1024  startup_stm32f429xx.o(STACK)

    Global Symbols

    Symbol Name                              Value     Ov Type        Size  Object(Section)

    BuildAttributes$$THM_ISAv4$E$P$D$K$B$S$7EM$VFPi3$EXTD16$VFPS$VFMA$PE$A:L22UL41UL21$X:L11$S22US41US21$IEEE1$IW$USESV6$~STKCKD$USESV7$~SHL$OSPACE$ROPI$EBA8$MICROLIB$REQ8$PRES8$EABIv2 0x00000000   Number         0  anon$$obj.o ABSOLUTE
    __ARM_use_no_argv                        0x00000000   Number         0  main.o ABSOLUTE
    __cpp_initialize__aeabi_                  - Undefined Weak Reference
    __cxa_finalize                            - Undefined Weak Reference
    __decompress                              - Undefined Weak Reference
    _clock_init                               - Undefined Weak Reference
    _microlib_exit                            - Undefined Weak Reference
    __Vectors_Size                           0x000001ac   Number         0  startup_stm32f429xx.o ABSOLUTE
    __Vectors                                0x08000000   Data           4  startup_stm32f429xx.o(RESET)
    __Vectors_End                            0x080001ac   Data           0  startup_stm32f429xx.o(RESET)
    __main                                   0x080001ad   Thumb Code     0  entry.o(.ARM.Collect$$$$00000000)
    _main_stk                                0x080001ad   Thumb Code     0  entry2.o(.ARM.Collect$$$$00000001)
    _main_scatterload                        0x080001b1   Thumb Code     0  entry5.o(.ARM.Collect$$$$00000004)
    __main_after_scatterload                 0x080001b5   Thumb Code     0  entry5.o(.ARM.Collect$$$$00000004)
    _main_clock                              0x080001b5   Thumb Code     0  entry7b.o(.ARM.Collect$$$$00000008)
    _main_cpp_init                           0x080001b5   Thumb Code     0  entry8b.o(.ARM.Collect$$$$0000000A)
    _main_init                               0x080001b5   Thumb Code     0  entry9a.o(.ARM.Collect$$$$0000000B)
    __rt_final_cpp                           0x080001bd   Thumb Code     0  entry10a.o(.ARM.Collect$$$$0000000D)
    __rt_final_exit                          0x080001bd   Thumb Code     0  entry11a.o(.ARM.Collect$$$$0000000F)
    Reset_Handler                            0x080001c1   Thumb Code     8  startup_stm32f429xx.o(.text)
    NMI_Handler                              0x080001c9   Thumb Code     2  startup_stm32f429xx.o(.text)
    HardFault_Handler                        0x080001cb   Thumb Code     2  startup_stm32f429xx.o(.text)
    MemManage_Handler                        0x080001cd   Thumb Code     2  startup_stm32f429xx.o(.text)
    BusFault_Handler                         0x080001cf   Thumb Code     2  startup_stm32f429xx.o(.text)
    UsageFault_Handler                       0x080001d1   Thumb Code     2  startup_stm32f429xx.o(.text)
    SVC_Handler                              0x080001d3   Thumb Code     2  startup_stm32f429xx.o(.text)
    DebugMon_Handler                         0x080001d5   Thumb Code     2  startup_stm32f429xx.o(.text)
    PendSV_Handler                           0x080001d7   Thumb Code     2  startup_stm32f429xx.o(.text)
    ADC_IRQHandler                           0x080001db   Thumb Code     0  startup_stm32f429xx.o(.text)
    CAN1_RX0_IRQHandler                      0x080001db   Thumb Code     0  startup_stm32f429xx.o(.text)
    CAN1_RX1_IRQHandler                      0x080001db   Thumb Code     0  startup_stm32f429xx.o(.text)
    CAN1_SCE_IRQHandler                      0x080001db   Thumb Code     0  startup_stm32f429xx.o(.text)
    CAN1_TX_IRQHandler                       0x080001db   Thumb Code     0  startup_stm32f429xx.o(.text)
    CAN2_RX0_IRQHandler                      0x080001db   Thumb Code     0  startup_stm32f429xx.o(.text)
    CAN2_RX1_IRQHandler                      0x080001db   Thumb Code     0  startup_stm32f429xx.o(.text)
    CAN2_SCE_IRQHandler                      0x080001db   Thumb Code     0  startup_stm32f429xx.o(.text)
    CAN2_TX_IRQHandler                       0x080001db   Thumb Code     0  startup_stm32f429xx.o(.text)
    DCMI_IRQHandler                          0x080001db   Thumb Code     0  startup_stm32f429xx.o(.text)
    DMA1_Stream0_IRQHandler                  0x080001db   Thumb Code     0  startup_stm32f429xx.o(.text)
    DMA1_Stream1_IRQHandler                  0x080001db   Thumb Code     0  startup_stm32f429xx.o(.text)
    DMA1_Stream2_IRQHandler                  0x080001db   Thumb Code     0  startup_stm32f429xx.o(.text)
    DMA1_Stream3_IRQHandler                  0x080001db   Thumb Code     0  startup_stm32f429xx.o(.text)
    DMA1_Stream4_IRQHandler                  0x080001db   Thumb Code     0  startup_stm32f429xx.o(.text)
    DMA1_Stream5_IRQHandler                  0x080001db   Thumb Code     0  startup_stm32f429xx.o(.text)
    DMA1_Stream6_IRQHandler                  0x080001db   Thumb Code     0  startup_stm32f429xx.o(.text)
    DMA1_Stream7_IRQHandler                  0x080001db   Thumb Code     0  startup_stm32f429xx.o(.text)
    DMA2D_IRQHandler                         0x080001db   Thumb Code     0  startup_stm32f429xx.o(.text)
    DMA2_Stream0_IRQHandler                  0x080001db   Thumb Code     0  startup_stm32f429xx.o(.text)
    DMA2_Stream1_IRQHandler                  0x080001db   Thumb Code     0  startup_stm32f429xx.o(.text)
    DMA2_Stream2_IRQHandler                  0x080001db   Thumb Code     0  startup_stm32f429xx.o(.text)
    DMA2_Stream3_IRQHandler                  0x080001db   Thumb Code     0  startup_stm32f429xx.o(.text)
    DMA2_Stream4_IRQHandler                  0x080001db   Thumb Code     0  startup_stm32f429xx.o(.text)
    DMA2_Stream5_IRQHandler                  0x080001db   Thumb Code     0  startup_stm32f429xx.o(.text)
    DMA2_Stream6_IRQHandler                  0x080001db   Thumb Code     0  startup_stm32f429xx.o(.text)
    DMA2_Stream7_IRQHandler                  0x080001db   Thumb Code     0  startup_stm32f429xx.o(.text)
    ETH_IRQHandler                           0x080001db   Thumb Code     0  startup_stm32f429xx.o(.text)
    ETH_WKUP_IRQHandler                      0x080001db   Thumb Code     0  startup_stm32f429xx.o(.text)
    EXTI0_IRQHandler                         0x080001db   Thumb Code     0  startup_stm32f429xx.o(.text)
    EXTI15_10_IRQHandler                     0x080001db   Thumb Code     0  startup_stm32f429xx.o(.text)
    EXTI1_IRQHandler                         0x080001db   Thumb Code     0  startup_stm32f429xx.o(.text)
    EXTI2_IRQHandler                         0x080001db   Thumb Code     0  startup_stm32f429xx.o(.text)
    EXTI3_IRQHandler                         0x080001db   Thumb Code     0  startup_stm32f429xx.o(.text)
    EXTI4_IRQHandler                         0x080001db   Thumb Code     0  startup_stm32f429xx.o(.text)
    EXTI9_5_IRQHandler                       0x080001db   Thumb Code     0  startup_stm32f429xx.o(.text)
    FLASH_IRQHandler                         0x080001db   Thumb Code     0  startup_stm32f429xx.o(.text)
    FMC_IRQHandler                           0x080001db   Thumb Code     0  startup_stm32f429xx.o(.text)
    FPU_IRQHandler                           0x080001db   Thumb Code     0  startup_stm32f429xx.o(.text)
    HASH_RNG_IRQHandler                      0x080001db   Thumb Code     0  startup_stm32f429xx.o(.text)
    I2C1_ER_IRQHandler                       0x080001db   Thumb Code     0  startup_stm32f429xx.o(.text)
    I2C1_EV_IRQHandler                       0x080001db   Thumb Code     0  startup_stm32f429xx.o(.text)
    I2C2_ER_IRQHandler                       0x080001db   Thumb Code     0  startup_stm32f429xx.o(.text)
    I2C2_EV_IRQHandler                       0x080001db   Thumb Code     0  startup_stm32f429xx.o(.text)
    I2C3_ER_IRQHandler                       0x080001db   Thumb Code     0  startup_stm32f429xx.o(.text)
    I2C3_EV_IRQHandler                       0x080001db   Thumb Code     0  startup_stm32f429xx.o(.text)
    LTDC_ER_IRQHandler                       0x080001db   Thumb Code     0  startup_stm32f429xx.o(.text)
    LTDC_IRQHandler                          0x080001db   Thumb Code     0  startup_stm32f429xx.o(.text)
    OTG_FS_IRQHandler                        0x080001db   Thumb Code     0  startup_stm32f429xx.o(.text)
    OTG_FS_WKUP_IRQHandler                   0x080001db   Thumb Code     0  startup_stm32f429xx.o(.text)
    OTG_HS_EP1_IN_IRQHandler                 0x080001db   Thumb Code     0  startup_stm32f429xx.o(.text)
    OTG_HS_EP1_OUT_IRQHandler                0x080001db   Thumb Code     0  startup_stm32f429xx.o(.text)
    OTG_HS_IRQHandler                        0x080001db   Thumb Code     0  startup_stm32f429xx.o(.text)
    OTG_HS_WKUP_IRQHandler                   0x080001db   Thumb Code     0  startup_stm32f429xx.o(.text)
    PVD_IRQHandler                           0x080001db   Thumb Code     0  startup_stm32f429xx.o(.text)
    RCC_IRQHandler                           0x080001db   Thumb Code     0  startup_stm32f429xx.o(.text)
    RTC_Alarm_IRQHandler                     0x080001db   Thumb Code     0  startup_stm32f429xx.o(.text)
    RTC_WKUP_IRQHandler                      0x080001db   Thumb Code     0  startup_stm32f429xx.o(.text)
    SAI1_IRQHandler                          0x080001db   Thumb Code     0  startup_stm32f429xx.o(.text)
    SDIO_IRQHandler                          0x080001db   Thumb Code     0  startup_stm32f429xx.o(.text)
    SPI1_IRQHandler                          0x080001db   Thumb Code     0  startup_stm32f429xx.o(.text)
    SPI2_IRQHandler                          0x080001db   Thumb Code     0  startup_stm32f429xx.o(.text)
    SPI3_IRQHandler                          0x080001db   Thumb Code     0  startup_stm32f429xx.o(.text)
    SPI4_IRQHandler                          0x080001db   Thumb Code     0  startup_stm32f429xx.o(.text)
    SPI5_IRQHandler                          0x080001db   Thumb Code     0  startup_stm32f429xx.o(.text)
    SPI6_IRQHandler                          0x080001db   Thumb Code     0  startup_stm32f429xx.o(.text)
    TAMP_STAMP_IRQHandler                    0x080001db   Thumb Code     0  startup_stm32f429xx.o(.text)
    TIM1_BRK_TIM9_IRQHandler                 0x080001db   Thumb Code     0  startup_stm32f429xx.o(.text)
    TIM1_CC_IRQHandler                       0x080001db   Thumb Code     0  startup_stm32f429xx.o(.text)
    TIM1_TRG_COM_TIM11_IRQHandler            0x080001db   Thumb Code     0  startup_stm32f429xx.o(.text)
    TIM1_UP_TIM10_IRQHandler                 0x080001db   Thumb Code     0  startup_stm32f429xx.o(.text)
    TIM2_IRQHandler                          0x080001db   Thumb Code     0  startup_stm32f429xx.o(.text)
    TIM3_IRQHandler                          0x080001db   Thumb Code     0  startup_stm32f429xx.o(.text)
    TIM4_IRQHandler                          0x080001db   Thumb Code     0  startup_stm32f429xx.o(.text)
    TIM5_IRQHandler                          0x080001db   Thumb Code     0  startup_stm32f429xx.o(.text)
    TIM6_DAC_IRQHandler                      0x080001db   Thumb Code     0  startup_stm32f429xx.o(.text)
    TIM7_IRQHandler                          0x080001db   Thumb Code     0  startup_stm32f429xx.o(.text)
    TIM8_BRK_TIM12_IRQHandler                0x080001db   Thumb Code     0  startup_stm32f429xx.o(.text)
    TIM8_CC_IRQHandler                       0x080001db   Thumb Code     0  startup_stm32f429xx.o(.text)
    TIM8_TRG_COM_TIM14_IRQHandler            0x080001db   Thumb Code     0  startup_stm32f429xx.o(.text)
    TIM8_UP_TIM13_IRQHandler                 0x080001db   Thumb Code     0  startup_stm32f429xx.o(.text)
    UART4_IRQHandler                         0x080001db   Thumb Code     0  startup_stm32f429xx.o(.text)
    UART5_IRQHandler                         0x080001db   Thumb Code     0  startup_stm32f429xx.o(.text)
    UART7_IRQHandler                         0x080001db   Thumb Code     0  startup_stm32f429xx.o(.text)
    UART8_IRQHandler                         0x080001db   Thumb Code     0  startup_stm32f429xx.o(.text)
    USART1_IRQHandler                        0x080001db   Thumb Code     0  startup_stm32f429xx.o(.text)
    USART2_IRQHandler                        0x080001db   Thumb Code     0  startup_stm32f429xx.o(.text)
    USART3_IRQHandler                        0x080001db   Thumb Code     0  startup_stm32f429xx.o(.text)
    USART6_IRQHandler                        0x080001db   Thumb Code     0  startup_stm32f429xx.o(.text)
    WWDG_IRQHandler                          0x080001db   Thumb Code     0  startup_stm32f429xx.o(.text)
    __aeabi_dmul                             0x080001e5   Thumb Code   228  dmul.o(.text)
    __aeabi_ui2d                             0x080002c9   Thumb Code    26  dfltui.o(.text)
    __aeabi_d2uiz                            0x080002e3   Thumb Code    50  dfixui.o(.text)
    __aeabi_llsr                             0x08000315   Thumb Code    32  llushr.o(.text)
    _ll_ushift_r                             0x08000315   Thumb Code     0  llushr.o(.text)
    __I$use$fp                               0x08000335   Thumb Code     0  iusefp.o(.text)
    _double_round                            0x08000335   Thumb Code    30  depilogue.o(.text)
    _double_epilogue                         0x08000353   Thumb Code   156  depilogue.o(.text)
    __scatterload                            0x080003f1   Thumb Code    28  init.o(.text)
    __scatterload_rt2                        0x080003f1   Thumb Code     0  init.o(.text)
    __aeabi_llsl                             0x08000415   Thumb Code    30  llshl.o(.text)
    _ll_shift_l                              0x08000415   Thumb Code     0  llshl.o(.text)
    HAL_ADC_ConfigChannel                    0x08000569   Thumb Code   324  stm32f4xx_hal_adc.o(i.HAL_ADC_ConfigChannel)
    HAL_ADC_Init                             0x080006bd   Thumb Code    58  stm32f4xx_hal_adc.o(i.HAL_ADC_Init)
    HAL_ADC_MspInit                          0x080006f9   Thumb Code    80  stm32f4xx_hal_msp.o(i.HAL_ADC_MspInit)
    HAL_CAN_Init                             0x08000759   Thumb Code   328  stm32f4xx_hal_can.o(i.HAL_CAN_Init)
    HAL_CAN_MspInit                          0x080008a1   Thumb Code   140  stm32f4xx_hal_msp.o(i.HAL_CAN_MspInit)
    HAL_DAC_ConfigChannel                    0x08000941   Thumb Code    66  stm32f4xx_hal_dac.o(i.HAL_DAC_ConfigChannel)
    HAL_DAC_Init                             0x08000983   Thumb Code    40  stm32f4xx_hal_dac.o(i.HAL_DAC_Init)
    HAL_DAC_MspInit                          0x080009ad   Thumb Code    54  stm32f4xx_hal_msp.o(i.HAL_DAC_MspInit)
    HAL_GPIO_Init                            0x080009f1   Thumb Code   408  stm32f4xx_hal_gpio.o(i.HAL_GPIO_Init)
    HAL_GPIO_WritePin                        0x08000bbd   Thumb Code    10  stm32f4xx_hal_gpio.o(i.HAL_GPIO_WritePin)
    HAL_GetTick                              0x08000bc9   Thumb Code     6  stm32f4xx_hal.o(i.HAL_GetTick)
    HAL_I2C_Init                             0x08000bd5   Thumb Code   246  stm32f4xx_hal_i2c.o(i.HAL_I2C_Init)
    HAL_I2C_MspInit                          0x08000cd5   Thumb Code    62  stm32f4xx_hal_msp.o(i.HAL_I2C_MspInit)
    HAL_IncTick                              0x08000d21   Thumb Code    10  stm32f4xx_hal.o(i.HAL_IncTick)
    HAL_Init                                 0x08000d31   Thumb Code    48  stm32f4xx_hal.o(i.HAL_Init)
    HAL_InitTick                             0x08000d65   Thumb Code    34  stm32f4xx_hal.o(i.HAL_InitTick)
    HAL_MspInit                              0x08000d87   Thumb Code    22  stm32f4xx_hal_msp.o(i.HAL_MspInit)
    HAL_NVIC_SetPriority                     0x08000d9d   Thumb Code    60  stm32f4xx_hal_cortex.o(i.HAL_NVIC_SetPriority)
    HAL_NVIC_SetPriorityGrouping             0x08000ddd   Thumb Code    26  stm32f4xx_hal_cortex.o(i.HAL_NVIC_SetPriorityGrouping)
    HAL_RCC_ClockConfig                      0x08000e01   Thumb Code   514  stm32f4xx_hal_rcc.o(i.HAL_RCC_ClockConfig)
    HAL_RCC_GetHCLKFreq                      0x0800100d   Thumb Code    38  stm32f4xx_hal_rcc.o(i.HAL_RCC_GetHCLKFreq)
    HAL_RCC_GetPCLK1Freq                     0x08001041   Thumb Code    36  stm32f4xx_hal_rcc.o(i.HAL_RCC_GetPCLK1Freq)
    HAL_RCC_GetPCLK2Freq                     0x0800106d   Thumb Code    36  stm32f4xx_hal_rcc.o(i.HAL_RCC_GetPCLK2Freq)
    HAL_RCC_GetSysClockFreq                  0x08001099   Thumb Code   104  stm32f4xx_hal_rcc.o(i.HAL_RCC_GetSysClockFreq)
    HAL_RCC_OscConfig                        0x08001109   Thumb Code   806  stm32f4xx_hal_rcc.o(i.HAL_RCC_OscConfig)
    HAL_SPI_Init                             0x08001445   Thumb Code   132  stm32f4xx_hal_spi.o(i.HAL_SPI_Init)
    HAL_SPI_MspInit                          0x080014c9   Thumb Code   146  stm32f4xx_hal_msp.o(i.HAL_SPI_MspInit)
    HAL_SPI_Receive                          0x08001579   Thumb Code   464  stm32f4xx_hal_spi.o(i.HAL_SPI_Receive)
    HAL_SPI_TransmitReceive                  0x08001749   Thumb Code   682  stm32f4xx_hal_spi.o(i.HAL_SPI_TransmitReceive)
    HAL_SYSTICK_CLKSourceConfig              0x080019f3   Thumb Code    24  stm32f4xx_hal_cortex.o(i.HAL_SYSTICK_CLKSourceConfig)
    HAL_SYSTICK_Callback                     0x08001a0d   Thumb Code    20  main.o(i.HAL_SYSTICK_Callback)
    HAL_SYSTICK_Config                       0x08001a25   Thumb Code    40  stm32f4xx_hal_cortex.o(i.HAL_SYSTICK_Config)
    HAL_SYSTICK_IRQHandler                   0x08001a4d   Thumb Code     8  stm32f4xx_hal_cortex.o(i.HAL_SYSTICK_IRQHandler)
    HAL_TIMEx_ConfigBreakDeadTime            0x08001a55   Thumb Code    66  stm32f4xx_hal_tim_ex.o(i.HAL_TIMEx_ConfigBreakDeadTime)
    HAL_TIMEx_MasterConfigSynchronization    0x08001a97   Thumb Code    80  stm32f4xx_hal_tim_ex.o(i.HAL_TIMEx_MasterConfigSynchronization)
    HAL_TIM_Base_Init                        0x08001ae7   Thumb Code    54  stm32f4xx_hal_tim.o(i.HAL_TIM_Base_Init)
    HAL_TIM_Base_MspInit                     0x08001b1d   Thumb Code   170  stm32f4xx_hal_msp.o(i.HAL_TIM_Base_MspInit)
    HAL_TIM_ConfigClockSource                0x08001be1   Thumb Code   242  stm32f4xx_hal_tim.o(i.HAL_TIM_ConfigClockSource)
    HAL_TIM_PWM_ConfigChannel                0x08001cd3   Thumb Code   208  stm32f4xx_hal_tim.o(i.HAL_TIM_PWM_ConfigChannel)
    HAL_TIM_PWM_Init                         0x08001da3   Thumb Code    54  stm32f4xx_hal_tim.o(i.HAL_TIM_PWM_Init)
    HAL_TIM_PWM_MspInit                      0x08001dd9   Thumb Code   100  stm32f4xx_hal_msp.o(i.HAL_TIM_PWM_MspInit)
    HAL_UART_Init                            0x08001e4d   Thumb Code    94  stm32f4xx_hal_uart.o(i.HAL_UART_Init)
    HAL_UART_MspInit                         0x08001ead   Thumb Code   170  stm32f4xx_hal_msp.o(i.HAL_UART_MspInit)
    HAL_UART_Transmit                        0x08001f75   Thumb Code   204  stm32f4xx_hal_uart.o(i.HAL_UART_Transmit)
    SysTick_Handler                          0x0800256d   Thumb Code    14  stm32f4xx_it.o(i.SysTick_Handler)
    SystemClock_Config                       0x0800257d   Thumb Code   130  main.o(i.SystemClock_Config)
    SystemInit                               0x08002609   Thumb Code    66  system_stm32f4xx.o(i.SystemInit)
    TIM_Base_SetConfig                       0x0800265d   Thumb Code   148  stm32f4xx_hal_tim.o(i.TIM_Base_SetConfig)
    TIM_OC2_SetConfig                        0x08002799   Thumb Code    90  stm32f4xx_hal_tim.o(i.TIM_OC2_SetConfig)
    Test_SPI_initialize                      0x080028f5   Thumb Code    18  test_spi.o(i.Test_SPI_initialize)
    Test_SPI_step                            0x08002911   Thumb Code   102  test_spi.o(i.Test_SPI_step)
    __scatterload_copy                       0x08002b93   Thumb Code    14  handlers.o(i.__scatterload_copy)
    __scatterload_null                       0x08002ba1   Thumb Code     2  handlers.o(i.__scatterload_null)
    __scatterload_zeroinit                   0x08002ba3   Thumb Code    14  handlers.o(i.__scatterload_zeroinit)
    afterStep                                0x08002bb1   Thumb Code    26  simulink_helper.o(i.afterStep)
    beforeStep                               0x08002bd9   Thumb Code    32  simulink_helper.o(i.beforeStep)
    main                                     0x08002c01   Thumb Code   456  main.o(i.main)
    Test_SPI_M                               0x08002e0c   Data           4  test_spi.o(.constdata)
    APBAHBPrescTable                         0x08002e10   Data          16  stm32f4xx_hal_rcc.o(.constdata)
    Region$$Table$$Base                      0x08002e20   Number         0  anon$$obj.o(Region$$Table)
    Region$$Table$$Limit                     0x08002e40   Number         0  anon$$obj.o(Region$$Table)
    SystemCoreClock                          0x20000000   Data           4  system_stm32f4xx.o(.data)
    Test_SPI_U                               0x20000004   Data           1  test_spi.o(.data)
    Test_SPI_B                               0x20000005   Data           2  test_spi.o(.data)
    Test_SPI_M_                              0x20000008   Data           4  test_spi.o(.data)
    Test_SPI_P                               0x2000000c   Data           4  test_spi_data.o(.data)
    hadc1                                    0x20000024   Data          68  main.o(.bss)
    hadc2                                    0x20000068   Data          68  main.o(.bss)
    hcan1                                    0x200000ac   Data          64  main.o(.bss)
    hcan2                                    0x200000ec   Data          64  main.o(.bss)
    hdac                                     0x2000012c   Data          20  main.o(.bss)
    hi2c1                                    0x20000140   Data          60  main.o(.bss)
    hspi2                                    0x2000017c   Data          88  main.o(.bss)
    hspi3                                    0x200001d4   Data          88  main.o(.bss)
    hspi4                                    0x2000022c   Data          88  main.o(.bss)
    htim2                                    0x20000284   Data          60  main.o(.bss)
    htim3                                    0x200002c0   Data          60  main.o(.bss)
    htim5                                    0x200002fc   Data          60  main.o(.bss)
    htim8                                    0x20000338   Data          60  main.o(.bss)
    htim9                                    0x20000374   Data          60  main.o(.bss)
    htim13                                   0x200003b0   Data          60  main.o(.bss)
    huart1                                   0x200003ec   Data          64  main.o(.bss)
    huart2                                   0x2000042c   Data          64  main.o(.bss)
    huart6                                   0x2000046c   Data          64  main.o(.bss)
    __initial_sp                             0x200008b0   Data           0  startup_stm32f429xx.o(STACK)



==============================================================================

Memory Map of the image

  Image Entry point : 0x080001ad

  Load Region LR_IROM1 (Base: 0x08000000, Size: 0x00002e64, Max: 0x00200000, ABSOLUTE)

    Execution Region ER_IROM1 (Base: 0x08000000, Size: 0x00002e40, Max: 0x00200000, ABSOLUTE)

    Base Addr    Size         Type   Attr      Idx    E Section Name        Object

    0x08000000   0x000001ac   Data   RO          150    RESET               startup_stm32f429xx.o
    0x080001ac   0x00000000   Code   RO         3904  * .ARM.Collect$$$$00000000  mc_w.l(entry.o)
    0x080001ac   0x00000004   Code   RO         3913    .ARM.Collect$$$$00000001  mc_w.l(entry2.o)
    0x080001b0   0x00000004   Code   RO         3916    .ARM.Collect$$$$00000004  mc_w.l(entry5.o)
    0x080001b4   0x00000000   Code   RO         3918    .ARM.Collect$$$$00000008  mc_w.l(entry7b.o)
    0x080001b4   0x00000000   Code   RO         3920    .ARM.Collect$$$$0000000A  mc_w.l(entry8b.o)
    0x080001b4   0x00000008   Code   RO         3921    .ARM.Collect$$$$0000000B  mc_w.l(entry9a.o)
    0x080001bc   0x00000000   Code   RO         3923    .ARM.Collect$$$$0000000D  mc_w.l(entry10a.o)
    0x080001bc   0x00000000   Code   RO         3925    .ARM.Collect$$$$0000000F  mc_w.l(entry11a.o)
    0x080001bc   0x00000004   Code   RO         3914    .ARM.Collect$$$$00002712  mc_w.l(entry2.o)
    0x080001c0   0x00000024   Code   RO          151    .text               startup_stm32f429xx.o
    0x080001e4   0x000000e4   Code   RO         3907    .text               mf_w.l(dmul.o)
    0x080002c8   0x0000001a   Code   RO         3909    .text               mf_w.l(dfltui.o)
    0x080002e2   0x00000032   Code   RO         3911    .text               mf_w.l(dfixui.o)
    0x08000314   0x00000020   Code   RO         3927    .text               mc_w.l(llushr.o)
    0x08000334   0x00000000   Code   RO         3929    .text               mc_w.l(iusefp.o)
    0x08000334   0x000000ba   Code   RO         3930    .text               mf_w.l(depilogue.o)
    0x080003ee   0x00000002   PAD
    0x080003f0   0x00000024   Code   RO         3932    .text               mc_w.l(init.o)
    0x08000414   0x0000001e   Code   RO         3934    .text               mc_w.l(llshl.o)
    0x08000432   0x00000002   PAD
    0x08000434   0x00000134   Code   RO         2916    i.ADC_Init          stm32f4xx_hal_adc.o
    0x08000568   0x00000154   Code   RO         2918    i.HAL_ADC_ConfigChannel  stm32f4xx_hal_adc.o
    0x080006bc   0x0000003a   Code   RO         2927    i.HAL_ADC_Init      stm32f4xx_hal_adc.o
    0x080006f6   0x00000002   PAD
    0x080006f8   0x00000060   Code   RO         3752    i.HAL_ADC_MspInit   stm32f4xx_hal_msp.o
    0x08000758   0x00000148   Code   RO          777    i.HAL_CAN_Init      stm32f4xx_hal_can.o
    0x080008a0   0x000000a0   Code   RO         3754    i.HAL_CAN_MspInit   stm32f4xx_hal_msp.o
    0x08000940   0x00000042   Code   RO          337    i.HAL_DAC_ConfigChannel  stm32f4xx_hal_dac.o
    0x08000982   0x00000028   Code   RO          347    i.HAL_DAC_Init      stm32f4xx_hal_dac.o
    0x080009aa   0x00000002   PAD
    0x080009ac   0x00000044   Code   RO         3756    i.HAL_DAC_MspInit   stm32f4xx_hal_msp.o
    0x080009f0   0x000001cc   Code   RO         2388    i.HAL_GPIO_Init     stm32f4xx_hal_gpio.o
    0x08000bbc   0x0000000a   Code   RO         2392    i.HAL_GPIO_WritePin  stm32f4xx_hal_gpio.o
    0x08000bc6   0x00000002   PAD
    0x08000bc8   0x0000000c   Code   RO         1611    i.HAL_GetTick       stm32f4xx_hal.o
    0x08000bd4   0x00000100   Code   RO         1305    i.HAL_I2C_Init      stm32f4xx_hal_i2c.o
    0x08000cd4   0x0000004c   Code   RO         3758    i.HAL_I2C_MspInit   stm32f4xx_hal_msp.o
    0x08000d20   0x00000010   Code   RO         1612    i.HAL_IncTick       stm32f4xx_hal.o
    0x08000d30   0x00000034   Code   RO         1613    i.HAL_Init          stm32f4xx_hal.o
    0x08000d64   0x00000022   Code   RO         1614    i.HAL_InitTick      stm32f4xx_hal.o
    0x08000d86   0x00000016   Code   RO         3759    i.HAL_MspInit       stm32f4xx_hal_msp.o
    0x08000d9c   0x00000040   Code   RO         3176    i.HAL_NVIC_SetPriority  stm32f4xx_hal_cortex.o
    0x08000ddc   0x00000024   Code   RO         3177    i.HAL_NVIC_SetPriorityGrouping  stm32f4xx_hal_cortex.o
    0x08000e00   0x0000020c   Code   RO          476    i.HAL_RCC_ClockConfig  stm32f4xx_hal_rcc.o
    0x0800100c   0x00000034   Code   RO          481    i.HAL_RCC_GetHCLKFreq  stm32f4xx_hal_rcc.o
    0x08001040   0x0000002c   Code   RO          483    i.HAL_RCC_GetPCLK1Freq  stm32f4xx_hal_rcc.o
    0x0800106c   0x0000002c   Code   RO          484    i.HAL_RCC_GetPCLK2Freq  stm32f4xx_hal_rcc.o
    0x08001098   0x00000070   Code   RO          485    i.HAL_RCC_GetSysClockFreq  stm32f4xx_hal_rcc.o
    0x08001108   0x0000033c   Code   RO          488    i.HAL_RCC_OscConfig  stm32f4xx_hal_rcc.o
    0x08001444   0x00000084   Code   RO         1063    i.HAL_SPI_Init      stm32f4xx_hal_spi.o
    0x080014c8   0x000000b0   Code   RO         3761    i.HAL_SPI_MspInit   stm32f4xx_hal_msp.o
    0x08001578   0x000001d0   Code   RO         1066    i.HAL_SPI_Receive   stm32f4xx_hal_spi.o
    0x08001748   0x000002aa   Code   RO         1072    i.HAL_SPI_TransmitReceive  stm32f4xx_hal_spi.o
    0x080019f2   0x00000018   Code   RO         3179    i.HAL_SYSTICK_CLKSourceConfig  stm32f4xx_hal_cortex.o
    0x08001a0a   0x00000002   PAD
    0x08001a0c   0x00000018   Code   RO         3599    i.HAL_SYSTICK_Callback  main.o
    0x08001a24   0x00000028   Code   RO         3181    i.HAL_SYSTICK_Config  stm32f4xx_hal_cortex.o
    0x08001a4c   0x00000008   Code   RO         3182    i.HAL_SYSTICK_IRQHandler  stm32f4xx_hal_cortex.o
    0x08001a54   0x00000042   Code   RO         2453    i.HAL_TIMEx_ConfigBreakDeadTime  stm32f4xx_hal_tim_ex.o
    0x08001a96   0x00000050   Code   RO         2468    i.HAL_TIMEx_MasterConfigSynchronization  stm32f4xx_hal_tim_ex.o
    0x08001ae6   0x00000036   Code   RO         1756    i.HAL_TIM_Base_Init  stm32f4xx_hal_tim.o
    0x08001b1c   0x000000c4   Code   RO         3763    i.HAL_TIM_Base_MspInit  stm32f4xx_hal_msp.o
    0x08001be0   0x000000f2   Code   RO         1765    i.HAL_TIM_ConfigClockSource  stm32f4xx_hal_tim.o
    0x08001cd2   0x000000d0   Code   RO         1822    i.HAL_TIM_PWM_ConfigChannel  stm32f4xx_hal_tim.o
    0x08001da2   0x00000036   Code   RO         1825    i.HAL_TIM_PWM_Init  stm32f4xx_hal_tim.o
    0x08001dd8   0x00000074   Code   RO         3765    i.HAL_TIM_PWM_MspInit  stm32f4xx_hal_msp.o
    0x08001e4c   0x0000005e   Code   RO         3378    i.HAL_UART_Init     stm32f4xx_hal_uart.o
    0x08001eaa   0x00000002   PAD
    0x08001eac   0x000000c8   Code   RO         3767    i.HAL_UART_MspInit  stm32f4xx_hal_msp.o
    0x08001f74   0x000000cc   Code   RO         3386    i.HAL_UART_Transmit  stm32f4xx_hal_uart.o
    0x08002040   0x00000044   Code   RO         3600    i.MX_ADC1_Init      main.o
    0x08002084   0x00000044   Code   RO         3601    i.MX_ADC2_Init      main.o
    0x080020c8   0x0000002c   Code   RO         3602    i.MX_CAN1_Init      main.o
    0x080020f4   0x0000002c   Code   RO         3603    i.MX_CAN2_Init      main.o
    0x08002120   0x00000158   Code   RO         3604    i.MX_GPIO_Init      main.o
    0x08002278   0x00000034   Code   RO         3605    i.MX_SPI2_Init      main.o
    0x080022ac   0x00000034   Code   RO         3606    i.MX_SPI3_Init      main.o
    0x080022e0   0x00000034   Code   RO         3607    i.MX_SPI4_Init      main.o
    0x08002314   0x00000058   Code   RO         3608    i.MX_TIM2_Init      main.o
    0x0800236c   0x00000058   Code   RO         3609    i.MX_TIM3_Init      main.o
    0x080023c4   0x00000044   Code   RO         3610    i.MX_TIM5_Init      main.o
    0x08002408   0x00000078   Code   RO         3611    i.MX_TIM8_Init      main.o
    0x08002480   0x00000020   Code   RO         3183    i.NVIC_SetPriority  stm32f4xx_hal_cortex.o
    0x080024a0   0x0000009e   Code   RO         1094    i.SPI_WaitOnFlagUntilTimeout  stm32f4xx_hal_spi.o
    0x0800253e   0x00000002   PAD
    0x08002540   0x0000002c   Code   RO         3612    i.SysTick_Config    main.o
    0x0800256c   0x0000000e   Code   RO         3724    i.SysTick_Handler   stm32f4xx_it.o
    0x0800257a   0x00000002   PAD
    0x0800257c   0x0000008c   Code   RO         3613    i.SystemClock_Config  main.o
    0x08002608   0x00000054   Code   RO            5    i.SystemInit        system_stm32f4xx.o
    0x0800265c   0x000000c0   Code   RO         1840    i.TIM_Base_SetConfig  stm32f4xx_hal_tim.o
    0x0800271c   0x00000014   Code   RO         1847    i.TIM_ETR_SetConfig  stm32f4xx_hal_tim.o
    0x08002730   0x00000010   Code   RO         1848    i.TIM_ITRx_SetConfig  stm32f4xx_hal_tim.o
    0x08002740   0x00000058   Code   RO         1849    i.TIM_OC1_SetConfig  stm32f4xx_hal_tim.o
    0x08002798   0x00000064   Code   RO         1850    i.TIM_OC2_SetConfig  stm32f4xx_hal_tim.o
    0x080027fc   0x00000060   Code   RO         1851    i.TIM_OC3_SetConfig  stm32f4xx_hal_tim.o
    0x0800285c   0x00000050   Code   RO         1852    i.TIM_OC4_SetConfig  stm32f4xx_hal_tim.o
    0x080028ac   0x00000022   Code   RO         1854    i.TIM_TI1_ConfigInputStage  stm32f4xx_hal_tim.o
    0x080028ce   0x00000024   Code   RO         1856    i.TIM_TI2_ConfigInputStage  stm32f4xx_hal_tim.o
    0x080028f2   0x00000002   PAD
    0x080028f4   0x0000001c   Code   RO          158    i.Test_SPI_initialize  test_spi.o
    0x08002910   0x00000078   Code   RO          159    i.Test_SPI_step     test_spi.o
    0x08002988   0x00000178   Code   RO         3397    i.UART_SetConfig    stm32f4xx_hal_uart.o
    0x08002b00   0x00000092   Code   RO         3399    i.UART_WaitOnFlagUntilTimeout  stm32f4xx_hal_uart.o
    0x08002b92   0x0000000e   Code   RO         3938    i.__scatterload_copy  mc_w.l(handlers.o)
    0x08002ba0   0x00000002   Code   RO         3939    i.__scatterload_null  mc_w.l(handlers.o)
    0x08002ba2   0x0000000e   Code   RO         3940    i.__scatterload_zeroinit  mc_w.l(handlers.o)
    0x08002bb0   0x00000028   Code   RO         3873    i.afterStep         simulink_helper.o
    0x08002bd8   0x00000028   Code   RO         3874    i.beforeStep        simulink_helper.o
    0x08002c00   0x0000020c   Code   RO         3614    i.main              main.o
    0x08002e0c   0x00000004   Data   RO          160    .constdata          test_spi.o
    0x08002e10   0x00000010   Data   RO          489    .constdata          stm32f4xx_hal_rcc.o
    0x08002e20   0x00000020   Data   RO         3936    Region$$Table       anon$$obj.o


    Execution Region RW_IRAM1 (Base: 0x20000000, Size: 0x000008b0, Max: 0x00030000, ABSOLUTE)

    Base Addr    Size         Type   Attr      Idx    E Section Name        Object

    0x20000000   0x00000004   Data   RW            7    .data               system_stm32f4xx.o
    0x20000004   0x00000003   Data   RW          161    .data               test_spi.o
    0x20000007   0x00000001   PAD
    0x20000008   0x00000004   Data   RW          162    .data               test_spi.o
    0x2000000c   0x00000004   Data   RW          223    .data               test_spi_data.o
    0x20000010   0x00000004   Data   RW         1619    .data               stm32f4xx_hal.o
    0x20000014   0x0000000c   Data   RW         3616    .data               main.o
    0x20000020   0x00000004   Data   RW         3768    .data               stm32f4xx_hal_msp.o
    0x20000024   0x00000488   Zero   RW         3615    .bss                main.o
    0x200004ac   0x00000004   PAD
    0x200004b0   0x00000400   Zero   RW          148    STACK               startup_stm32f429xx.o


==============================================================================

Image component sizes


      Code (inc. data)   RO Data    RW Data    ZI Data      Debug   Object Name

      1820        206          0         12       1160      36443   main.o
        80         22          0          0          0        997   simulink_helper.o
        36          8        428          0       1024        908   startup_stm32f429xx.o
       114         16          0          4          0       3514   stm32f4xx_hal.o
       706         24          0          0          0       2671   stm32f4xx_hal_adc.o
       328          0          0          0          0       1435   stm32f4xx_hal_can.o
       204         14          0          0          0      30397   stm32f4xx_hal_cortex.o
       106          0          0          0          0       1855   stm32f4xx_hal_dac.o
       470         52          0          0          0       2492   stm32f4xx_hal_gpio.o
       256         10          0          0          0       2123   stm32f4xx_hal_i2c.o
      1110        166          0          4          0       7048   stm32f4xx_hal_msp.o
      1604         70         16          0          0       6055   stm32f4xx_hal_rcc.o
      1436          0          0          0          0       5011   stm32f4xx_hal_spi.o
      1220         80          0          0          0      10472   stm32f4xx_hal_tim.o
       146          0          0          0          0       2036   stm32f4xx_hal_tim_ex.o
       820         10          0          0          0       4180   stm32f4xx_hal_uart.o
        14          0          0          0          0        486   stm32f4xx_it.o
        84         18          0          4          0     429549   system_stm32f4xx.o
       148         28          4          7          0       4734   test_spi.o
         0          0          0          4          0       1512   test_spi_data.o

    ----------------------------------------------------------------------
     10718        724        480         36       2188     553918   Object Totals
         0          0         32          0          0          0   (incl. Generated)
        16          0          0          1          4          0   (incl. Padding)

    ----------------------------------------------------------------------

      Code (inc. data)   RO Data    RW Data    ZI Data      Debug   Library Member Name

         0          0          0          0          0          0   entry.o
         0          0          0          0          0          0   entry10a.o
         0          0          0          0          0          0   entry11a.o
         8          4          0          0          0          0   entry2.o
         4          0          0          0          0          0   entry5.o
         0          0          0          0          0          0   entry7b.o
         0          0          0          0          0          0   entry8b.o
         8          4          0          0          0          0   entry9a.o
        30          0          0          0          0          0   handlers.o
        36          8          0          0          0         68   init.o
         0          0          0          0          0          0   iusefp.o
        30          0          0          0          0         68   llshl.o
        32          0          0          0          0         68   llushr.o
       186          0          0          0          0        176   depilogue.o
        50          0          0          0          0         76   dfixui.o
        26          0          0          0          0         76   dfltui.o
       228          0          0          0          0         96   dmul.o

    ----------------------------------------------------------------------
       642         16          0          0          0        628   Library Totals
         4          0          0          0          0          0   (incl. Padding)

    ----------------------------------------------------------------------

      Code (inc. data)   RO Data    RW Data    ZI Data      Debug   Library Name

       148         16          0          0          0        204   mc_w.l
       490          0          0          0          0        424   mf_w.l

    ----------------------------------------------------------------------
       642         16          0          0          0        628   Library Totals

    ----------------------------------------------------------------------

==============================================================================


      Code (inc. data)   RO Data    RW Data    ZI Data      Debug   

     11360        740        480         36       2188     547090   Grand Totals
     11360        740        480         36       2188     547090   ELF Image Totals
     11360        740        480         36          0          0   ROM Totals

==============================================================================

    Total RO  Size (Code + RO Data)                11840 (  11.56kB)
    Total RW  Size (RW Data + ZI Data)              2224 (   2.17kB)
    Total ROM Size (Code + RO Data + RW Data)      11876 (  11.60kB)

==============================================================================

