<html>
<body>
<pre>
<h1>µVision Build Log</h1>
<h2>Tool Versions:</h2>
IDE-Version: µVision V5.16a
Copyright (C) 2015 ARM Ltd and ARM Germany GmbH. All rights reserved.
License Information: Jan Hieber, -, LIC=----
 
Tool Versions:
Toolchain:       MDK-Lite  Version: 5.16a
Toolchain Path:  C:\Keil_v5\ARM\ARMCC\Bin
C Compiler:      Armcc.exe V5.06 (build 20)
Assembler:       Armasm.exe V5.06 (build 20)
Linker/Locator:  ArmLink.exe V5.06 (build 20)
Library Manager: ArmAr.exe V5.06 (build 20)
Hex Converter:   FromElf.exe V5.06 (build 20)
CPU DLL:         SARMCM3.DLL V5.16a
Dialog DLL:      DCM.DLL V1.13.2.0
Target DLL:      STLink\ST-LINKIII-KEIL_SWO.dll V2.0.17.0
Dialog DLL:      TCM.DLL V1.14.5.0
 
<h2>Project:</h2>
E:\HTWAA_car_32b\CD_repo_final\Test_Stateflow\MDK-ARM\HTWAA_32b.uvprojx
Project File Date:  10/06/2015

<h2>Output:</h2>
*** Using Compiler 'V5.06 (build 20)', folder: 'C:\Keil_v5\ARM\ARMCC\Bin'
Build target 'HTWAA_32b Configuration'
compiling system_stm32f4xx.c...
assembling startup_stm32f429xx.s...
compiling Test_Stateflow.c...
..\Test_Stateflow\Src\Test_Stateflow.c(100): warning:  #188-D: enumerated type mixed with another type
    HAL_GPIO_WritePin(
PIOD, 
PIO_PIN_11, Test_Stateflow_B.LED1);
..\Test_Stateflow\Src\Test_Stateflow.c(101): warning:  #188-D: enumerated type mixed with another type
    HAL_GPIO_WritePin(
PIOD, 
PIO_PIN_12, Test_Stateflow_B.LED2);
..\Test_Stateflow\Src\Test_Stateflow.c(102): warning:  #188-D: enumerated type mixed with another type
    HAL_GPIO_WritePin(
PIOD, 
PIO_PIN_13, Test_Stateflow_B.LED3);
..\Test_Stateflow\Src\Test_Stateflow.c(105): warning:  #188-D: enumerated type mixed with another type
    HAL_GPIO_WritePin(
PIOD, 
PIO_PIN_7, Test_Stateflow_P.Constant1_Value);
..\Test_Stateflow\Src\Test_Stateflow.c(108): warning:  #188-D: enumerated type mixed with another type
    HAL_GPIO_WritePin(
PIOC, 
PIO_PIN_13, Test_Stateflow_P.Constant2_Value);
..\Test_Stateflow\Src\Test_Stateflow.c(109): warning:  #188-D: enumerated type mixed with another type
    HAL_GPIO_WritePin(
PIOC, 
PIO_PIN_14, Test_Stateflow_P.Constant2_Value);
..\Test_Stateflow\Src\Test_Stateflow.c: 6 warnings, 0 errors
compiling Test_Stateflow_data.c...
compiling stm32f4xx_hal_dma.c...
compiling stm32f4xx_hal_dac.c...
compiling stm32f4xx_hal_rcc.c...
compiling stm32f4xx_hal_flash_ramfunc.c...
compiling stm32f4xx_hal_flash_ex.c...
compiling stm32f4xx_hal_i2c_ex.c...
compiling stm32f4xx_hal_dma_ex.c...
compiling stm32f4xx_hal_can.c...
compiling stm32f4xx_hal_rcc_ex.c...
compiling stm32f4xx_hal_pwr.c...
compiling stm32f4xx_hal_spi.c...
compiling stm32f4xx_hal_i2c.c...
compiling stm32f4xx_hal.c...
compiling stm32f4xx_hal_tim.c...
compiling stm32f4xx_hal_gpio.c...
compiling stm32f4xx_hal_tim_ex.c...
compiling stm32f4xx_hal_adc_ex.c...
compiling stm32f4xx_hal_flash.c...
compiling stm32f4xx_hal_adc.c...
compiling stm32f4xx_hal_dac_ex.c...
compiling stm32f4xx_hal_cortex.c...
compiling stm32f4xx_hal_pwr_ex.c...
compiling stm32f4xx_hal_uart.c...
compiling main.c...
compiling stm32f4xx_it.c...
compiling stm32f4xx_hal_msp.c...
linking...
Program Size: Code=9912 RO-data=480 RW-data=36 ZI-data=2220  
FromELF: creating hex file...
"HTWAA_32b Configuration\HTWAA_32b Configuration.axf" - 0 Error(s), 6 Warning(s).

<h2>Collection of Component include folders:</h2>
  E:\HTWAA_car_32b\CD_repo_final\Test_Stateflow\MDK-ARM\RTE
  C:\Keil_v5\ARM\PACK\Keil\STM32F4xx_DFP\2.6.0\Drivers\CMSIS\Device\ST\STM32F4xx\Include

<h2>Collection of Component Files used:</h2>
Build Time Elapsed:  00:01:20
</pre>
</body>
</html>
